Archive member included to satisfy reference by file (symbol)

../../libdaisy/build/libdaisy.a(daisy_versio.o)
                              build/MultiEffect.o (daisy::DaisyVersio::Init(bool))
../../libdaisy/build/libdaisy.a(ctrl.o)
                              ../../libdaisy/build/libdaisy.a(daisy_versio.o) (daisy::AnalogControl::Init(unsigned short*, float, bool, bool, float))
../../libdaisy/build/libdaisy.a(gatein.o)
                              ../../libdaisy/build/libdaisy.a(daisy_versio.o) (daisy::GateIn::Init(dsy_gpio_pin*))
../../libdaisy/build/libdaisy.a(parameter.o)
                              build/MultiEffect.o (daisy::Parameter::Init(daisy::AnalogControl, float, float, daisy::Parameter::Curve))
../../libdaisy/build/libdaisy.a(rgb_led.o)
                              ../../libdaisy/build/libdaisy.a(daisy_versio.o) (daisy::RgbLed::Init(dsy_gpio_pin, dsy_gpio_pin, dsy_gpio_pin, bool))
../../libdaisy/build/libdaisy.a(switch.o)
                              ../../libdaisy/build/libdaisy.a(daisy_versio.o) (daisy::Switch::Init(dsy_gpio_pin, float))
../../libdaisy/build/libdaisy.a(adc.o)
                              ../../libdaisy/build/libdaisy.a(daisy_versio.o) (daisy::AdcChannelConfig::InitSingle(dsy_gpio_pin))
../../libdaisy/build/libdaisy.a(gpio.o)
                              ../../libdaisy/build/libdaisy.a(daisy_versio.o) (dsy_gpio_init)
../../libdaisy/build/libdaisy.a(system_stm32h7xx.o)
                              build/startup_stm32h750xx.o (SystemInit)
../../libdaisy/build/libdaisy.a(hal_map.o)
                              ../../libdaisy/build/libdaisy.a(gpio.o) (dsy_hal_map_get_port)
../../libdaisy/build/libdaisy.a(stm32h7xx_hal_adc.o)
                              ../../libdaisy/build/libdaisy.a(adc.o) (HAL_ADC_ConfigChannel)
../../libdaisy/build/libdaisy.a(stm32h7xx_hal_adc_ex.o)
                              ../../libdaisy/build/libdaisy.a(adc.o) (HAL_ADCEx_Calibration_Start)
../../libdaisy/build/libdaisy.a(stm32h7xx_hal_dma.o)
                              ../../libdaisy/build/libdaisy.a(adc.o) (HAL_DMA_Init)
../../libdaisy/build/libdaisy.a(stm32h7xx_hal_gpio.o)
                              ../../libdaisy/build/libdaisy.a(gpio.o) (HAL_GPIO_Init)
../../libdaisy/build/libdaisy.a(stm32h7xx_hal_rcc.o)
                              ../../libdaisy/build/libdaisy.a(stm32h7xx_hal_adc.o) (HAL_RCC_GetHCLKFreq)
../../libdaisy/build/libdaisy.a(stm32h7xx_hal_rcc_ex.o)
                              ../../libdaisy/build/libdaisy.a(stm32h7xx_hal_adc.o) (HAL_RCCEx_GetPeriphCLKFreq)
../../libdaisy/build/libdaisy.a(stm32h7xx_hal_timebase_rtc_alarm_template.o)
                              ../../libdaisy/build/libdaisy.a(stm32h7xx_hal_rcc.o) (HAL_InitTick)
../../libdaisy/build/libdaisy.a(daisy_seed.o)
                              ../../libdaisy/build/libdaisy.a(daisy_versio.o) (daisy::DaisySeed::Configure())
../../libdaisy/build/libdaisy.a(codec_ak4556.o)
                              ../../libdaisy/build/libdaisy.a(daisy_seed.o) (daisy::Ak4556::Init(dsy_gpio_pin))
../../libdaisy/build/libdaisy.a(sdram.o)
                              ../../libdaisy/build/libdaisy.a(daisy_seed.o) (dsy_sdram_init)
../../libdaisy/build/libdaisy.a(audio.o)
                              ../../libdaisy/build/libdaisy.a(daisy_seed.o) (daisy::AudioHandle::Init(daisy::AudioHandle::Config const&, daisy::SaiHandle))
../../libdaisy/build/libdaisy.a(led.o)
                              ../../libdaisy/build/libdaisy.a(rgb_led.o) (daisy::Led::Init(dsy_gpio_pin, bool, float))
../../libdaisy/build/libdaisy.a(qspi.o)
                              ../../libdaisy/build/libdaisy.a(daisy_seed.o) (dsy_qspi_init)
../../libdaisy/build/libdaisy.a(sai.o)
                              ../../libdaisy/build/libdaisy.a(daisy_seed.o) (daisy::SaiHandle::Init(daisy::SaiHandle::Config const&))
../../libdaisy/build/libdaisy.a(system.o)
                              ../../libdaisy/build/libdaisy.a(daisy_seed.o) (daisy::System::Delay(unsigned long))
../../libdaisy/build/libdaisy.a(stm32h7xx_hal.o)
                              ../../libdaisy/build/libdaisy.a(system.o) (HAL_Init)
../../libdaisy/build/libdaisy.a(stm32h7xx_hal_cortex.o)
                              ../../libdaisy/build/libdaisy.a(stm32h7xx_hal.o) (HAL_NVIC_SetPriorityGrouping)
../../libdaisy/build/libdaisy.a(stm32h7xx_hal_pwr_ex.o)
                              ../../libdaisy/build/libdaisy.a(system.o) (HAL_PWREx_ConfigSupply)
../../libdaisy/build/libdaisy.a(stm32h7xx_hal_qspi.o)
                              ../../libdaisy/build/libdaisy.a(qspi.o) (HAL_QSPI_Init)
../../libdaisy/build/libdaisy.a(stm32h7xx_hal_rtc.o)
                              ../../libdaisy/build/libdaisy.a(stm32h7xx_hal_timebase_rtc_alarm_template.o) (HAL_RTC_Init)
../../libdaisy/build/libdaisy.a(stm32h7xx_hal_rtc_ex.o)
                              ../../libdaisy/build/libdaisy.a(stm32h7xx_hal_rtc.o) (HAL_RTCEx_AlarmBEventCallback)
../../libdaisy/build/libdaisy.a(stm32h7xx_hal_sai.o)
[...]
Memory Configuration

Name             Origin             Length             Attributes
FLASH            0x0000000008000000 0x0000000000020000 xr
DTCMRAM          0x0000000020000000 0x0000000000020000 xrw
SRAM             0x0000000024000000 0x0000000000080000 xrw
RAM_D2           0x0000000030000000 0x0000000000048000 xrw
RAM_D3           0x0000000038000000 0x0000000000010000 xrw
ITCMRAM          0x0000000000000000 0x0000000000010000 xrw
SDRAM            0x00000000c0000000 0x0000000004000000 xrw
QSPIFLASH        0x0000000090000000 0x0000000000800000 xr
*default*        0x0000000000000000 0xffffffffffffffff

Linker script and memory map

LOAD /usr/local/Cellar/gcc-arm-none-eabi/20200630/bin/../lib/gcc/arm-none-eabi/9.3.1/thumb/v7e-m+dp/hard/crti.o
LOAD /usr/local/Cellar/gcc-arm-none-eabi/20200630/bin/../lib/gcc/arm-none-eabi/9.3.1/thumb/v7e-m+dp/hard/crtbegin.o
LOAD /usr/local/Cellar/gcc-arm-none-eabi/20200630/bin/../lib/gcc/arm-none-eabi/9.3.1/../../../../arm-none-eabi/lib/thumb/v7e-m+dp/hard/crt0.o
LOAD build/startup_stm32h750xx.o
LOAD build/diskio.o
LOAD build/ff.o
LOAD build/ff_gen_drv.o
LOAD build/ccsbcs.o
LOAD build/MultiEffect.o
LOAD ../../libdaisy/build/libdaisy.a
LOAD /usr/local/Cellar/gcc-arm-none-eabi/20200630/bin/../lib/gcc/arm-none-eabi/9.3.1/../../../../arm-none-eabi/lib/thumb/v7e-m+dp/hard/libnosys.a
LOAD ../../DaisySP/build/libdaisysp.a
LOAD /usr/local/Cellar/gcc-arm-none-eabi/20200630/bin/../lib/gcc/arm-none-eabi/9.3.1/../../../../arm-none-eabi/lib/thumb/v7e-m+dp/hard/libstdc++_nano.a
LOAD /usr/local/Cellar/gcc-arm-none-eabi/20200630/bin/../lib/gcc/arm-none-eabi/9.3.1/../../../../arm-none-eabi/lib/thumb/v7e-m+dp/hard/libm.a
LOAD /usr/local/Cellar/gcc-arm-none-eabi/20200630/bin/../lib/gcc/arm-none-eabi/9.3.1/../../../../arm-none-eabi/lib/thumb/v7e-m+dp/hard/libc_nano.a
START GROUP
LOAD /usr/local/Cellar/gcc-arm-none-eabi/20200630/bin/../lib/gcc/arm-none-eabi/9.3.1/thumb/v7e-m+dp/hard/libgcc.a
LOAD /usr/local/Cellar/gcc-arm-none-eabi/20200630/bin/../lib/gcc/arm-none-eabi/9.3.1/../../../../arm-none-eabi/lib/thumb/v7e-m+dp/hard/libc_nano.a
END GROUP
START GROUP
LOAD /usr/local/Cellar/gcc-arm-none-eabi/20200630/bin/../lib/gcc/arm-none-eabi/9.3.1/thumb/v7e-m+dp/hard/libgcc.a
LOAD /usr/local/Cellar/gcc-arm-none-eabi/20200630/bin/../lib/gcc/arm-none-eabi/9.3.1/../../../../arm-none-eabi/lib/thumb/v7e-m+dp/hard/libc_nano.a
LOAD /usr/local/Cellar/gcc-arm-none-eabi/20200630/bin/../lib/gcc/arm-none-eabi/9.3.1/../../../../arm-none-eabi/lib/thumb/v7e-m+dp/hard/libnosys.a
END GROUP
START GROUP
LOAD /usr/local/Cellar/gcc-arm-none-eabi/20200630/bin/../lib/gcc/arm-none-eabi/9.3.1/thumb/v7e-m+dp/hard/libgcc.a
LOAD /usr/local/Cellar/gcc-arm-none-eabi/20200630/bin/../lib/gcc/arm-none-eabi/9.3.1/../../../../arm-none-eabi/lib/thumb/v7e-m+dp/hard/libc_nano.a
LOAD /usr/local/Cellar/gcc-arm-none-eabi/20200630/bin/../lib/gcc/arm-none-eabi/9.3.1/../../../../arm-none-eabi/lib/thumb/v7e-m+dp/hard/libnosys.a
END GROUP
LOAD /usr/local/Cellar/gcc-arm-none-eabi/20200630/bin/../lib/gcc/arm-none-eabi/9.3.1/thumb/v7e-m+dp/hard/crtend.o
LOAD /usr/local/Cellar/gcc-arm-none-eabi/20200630/bin/../lib/gcc/arm-none-eabi/9.3.1/thumb/v7e-m+dp/hard/crtn.o
                0x0000000020020000                _estack = 0x20020000

.isr_vector     0x0000000008000000      0x298
                0x0000000008000000                . = ALIGN (0x4)
 *(.isr_vector)
 .isr_vector    0x0000000008000000      0x298 build/startup_stm32h750xx.o
                0x0000000008000000                g_pfnVectors
                0x0000000008000298                . = ALIGN (0x4)

.text           0x00000000080002a0    0x140b4
                0x00000000080002a0                . = ALIGN (0x4)
                0x00000000080002a0                _stext = .
 *(.text)
 .text          0x00000000080002a0       0x40 /usr/local/Cellar/gcc-arm-none-eabi/20200630/bin/../lib/gcc/arm-none-eabi/9.3.1/thumb/v7e-m+dp/hard/crtbegin.o
 .text          0x00000000080002e0       0xa0 /usr/local/Cellar/gcc-arm-none-eabi/20200630/bin/../lib/gcc/arm-none-eabi/9.3.1/../../../../arm-none-eabi/lib/thumb/v7e-m+dp/hard/libc_nano.a(lib_a-memchr.o)
                0x00000000080002e0                memchr
 .text          0x0000000008000380      0x378 /usr/local/Cellar/gcc-arm-none-eabi/20200630/bin/../lib/gcc/arm-none-eabi/9.3.1/thumb/v7e-m+dp/hard/libgcc.a(_arm_addsubdf3.o)
                0x0000000008000380                __aeabi_drsub
                0x0000000008000388                __subdf3
                0x0000000008000388                __aeabi_dsub
                0x000000000800038c                __aeabi_dadd
                0x000000000800038c                __adddf3
                0x0000000008000604                __aeabi_ui2d
                0x0000000008000604                __floatunsidf
                0x0000000008000624                __floatsidf
                0x0000000008000624                __aeabi_i2d
                0x0000000008000648                __extendsfdf2
                0x0000000008000648                __aeabi_f2d
                0x000000000800068c                __aeabi_ul2d
                0x000000000800068c                __floatundidf
                0x000000000800069c                __aeabi_l2d
                0x000000000800069c                __floatdidf
 *(.text*)
 .text.Default_Handler
                0x00000000080006f8        0x4 build/startup_stm32h750xx.o
                0x00000000080006f8                SAI1_IRQHandler
                0x00000000080006f8                EXTI2_IRQHandler
                0x00000000080006f8                TIM8_CC_IRQHandler
                0x00000000080006f8                HRTIM1_Master_IRQHandler
                0x00000000080006f8                DebugMon_Handler
                0x00000000080006f8                UART8_IRQHandler
                0x00000000080006f8                SPI4_IRQHandler
                0x00000000080006f8                TIM1_CC_IRQHandler
                0x00000000080006f8                BDMA_Channel6_IRQHandler
                0x00000000080006f8                DMA2_Stream5_IRQHandler
                0x00000000080006f8                HRTIM1_FLT_IRQHandler
                0x00000000080006f8                JPEG_IRQHandler
                0x00000000080006f8                DMA1_Stream5_IRQHandler
                0x00000000080006f8                BDMA_Channel1_IRQHandler
                0x00000000080006f8                HRTIM1_TIMD_IRQHandler
                0x00000000080006f8                TAMP_STAMP_IRQHandler
                0x00000000080006f8                PendSV_Handler
                0x00000000080006f8                NMI_Handler
                0x00000000080006f8                EXTI3_IRQHandler
                0x00000000080006f8                LPTIM4_IRQHandler
                0x00000000080006f8                TIM8_TRG_COM_TIM14_IRQHandler
                0x00000000080006f8                LPTIM2_IRQHandler
                0x00000000080006f8                DFSDM1_FLT1_IRQHandler
                0x00000000080006f8                DMAMUX2_OVR_IRQHandler
                0x00000000080006f8                TIM8_UP_TIM13_IRQHandler
                0x00000000080006f8                I2C3_ER_IRQHandler
                0x00000000080006f8                DFSDM1_FLT2_IRQHandler
                0x00000000080006f8                MDMA_IRQHandler
                0x00000000080006f8                LPTIM3_IRQHandler
                0x00000000080006f8                HSEM1_IRQHandler
                0x00000000080006f8                EXTI0_IRQHandler
                0x00000000080006f8                FPU_IRQHandler
                0x00000000080006f8                OTG_HS_WKUP_IRQHandler
                0x00000000080006f8                FDCAN1_IT1_IRQHandler
                0x00000000080006f8                UsageFault_Handler
                0x00000000080006f8                LTDC_ER_IRQHandler
                0x00000000080006f8                DMA2_Stream2_IRQHandler
                0x00000000080006f8                HRTIM1_TIME_IRQHandler
                0x00000000080006f8                SPI1_IRQHandler
                0x00000000080006f8                TIM6_DAC_IRQHandler
                0x00000000080006f8                DCMI_IRQHandler
                0x00000000080006f8                HRTIM1_TIMC_IRQHandler
                0x00000000080006f8                DMA2_Stream3_IRQHandler
                0x00000000080006f8                SAI2_IRQHandler
                0x00000000080006f8                DFSDM1_FLT3_IRQHandler
                0x00000000080006f8                USART6_IRQHandler
                0x00000000080006f8                TIM17_IRQHandler
                0x00000000080006f8                USART3_IRQHandler
                0x00000000080006f8                CRYP_IRQHandler
                0x00000000080006f8                BDMA_Channel7_IRQHandler
                0x00000000080006f8                LPTIM5_IRQHandler
                0x00000000080006f8                UART5_IRQHandler
                0x00000000080006f8                ADC3_IRQHandler
                0x00000000080006f8                DMA2_Stream0_IRQHandler
                0x00000000080006f8                TIM4_IRQHandler
                0x00000000080006f8                BDMA_Channel2_IRQHandler
                0x00000000080006f8                DMAMUX1_OVR_IRQHandler
                0x00000000080006f8                TIM16_IRQHandler
                0x00000000080006f8                UART4_IRQHandler
                0x00000000080006f8                BDMA_Channel5_IRQHandler
                0x00000000080006f8                TIM3_IRQHandler
                0x00000000080006f8                RCC_IRQHandler
                0x00000000080006f8                TIM8_BRK_TIM12_IRQHandler
                0x00000000080006f8                TIM1_TRG_COM_IRQHandler
                0x00000000080006f8                Default_Handler
                0x00000000080006f8                ECC_IRQHandler
                0x00000000080006f8                CEC_IRQHandler
                0x00000000080006f8                EXTI15_10_IRQHandler
                0x00000000080006f8                BDMA_Channel0_IRQHandler
                0x00000000080006f8                ADC_IRQHandler
                0x00000000080006f8                DMA1_Stream7_IRQHandler
                0x00000000080006f8                HRTIM1_TIMA_IRQHandler
                0x00000000080006f8                SPI5_IRQHandler
                0x00000000080006f8                TIM7_IRQHandler
                0x00000000080006f8                SDMMC1_IRQHandler
                0x00000000080006f8                TIM5_IRQHandler
                0x00000000080006f8                DMA2_Stream7_IRQHandler
                0x00000000080006f8                TIM15_IRQHandler
                0x00000000080006f8                PVD_AVD_IRQHandler
                0x00000000080006f8                EXTI9_5_IRQHandler
                0x00000000080006f8                RTC_WKUP_IRQHandler
                0x00000000080006f8                LTDC_IRQHandler
                0x00000000080006f8                SAI3_IRQHandler
                0x00000000080006f8                ETH_WKUP_IRQHandler
                0x00000000080006f8                SPDIF_RX_IRQHandler
                0x00000000080006f8                SPI2_IRQHandler
                0x00000000080006f8                OTG_HS_EP1_IN_IRQHandler
                0x00000000080006f8                MemManage_Handler
                0x00000000080006f8                SVC_Handler
                0x00000000080006f8                CRS_IRQHandler
                0x00000000080006f8                EXTI4_IRQHandler
                0x00000000080006f8                HRTIM1_TIMB_IRQHandler
                0x00000000080006f8                FDCAN2_IT1_IRQHandler
                0x00000000080006f8                ETH_IRQHandler
                0x00000000080006f8                TIM1_UP_IRQHandler
                0x00000000080006f8                BDMA_Channel4_IRQHandler
                0x00000000080006f8                OTG_HS_EP1_OUT_IRQHandler
                0x00000000080006f8                WWDG_IRQHandler
                0x00000000080006f8                SPI6_IRQHandler
                0x00000000080006f8                I2C4_EV_IRQHandler
                0x00000000080006f8                MDIOS_IRQHandler
                0x00000000080006f8                FDCAN2_IT0_IRQHandler
                0x00000000080006f8                LPUART1_IRQHandler
                0x00000000080006f8                FDCAN1_IT0_IRQHandler
                0x00000000080006f8                TIM2_IRQHandler
                0x00000000080006f8                OTG_FS_WKUP_IRQHandler
                0x00000000080006f8                OTG_HS_IRQHandler
                0x00000000080006f8                DMA2D_IRQHandler
                0x00000000080006f8                TIM1_BRK_IRQHandler
                0x00000000080006f8                EXTI1_IRQHandler
                0x00000000080006f8                SDMMC2_IRQHandler
                0x00000000080006f8                OTG_FS_EP1_OUT_IRQHandler
                0x00000000080006f8                BDMA_Channel3_IRQHandler
                0x00000000080006f8                UART7_IRQHandler
                0x00000000080006f8                MDIOS_WKUP_IRQHandler
                0x00000000080006f8                USART2_IRQHandler
                0x00000000080006f8                DFSDM1_FLT0_IRQHandler
                0x00000000080006f8                SAI4_IRQHandler
                0x00000000080006f8                I2C2_ER_IRQHandler
                0x00000000080006f8                DMA2_Stream1_IRQHandler
                0x00000000080006f8                FLASH_IRQHandler
                0x00000000080006f8                DMA2_Stream4_IRQHandler
                0x00000000080006f8                BusFault_Handler
                0x00000000080006f8                USART1_IRQHandler
                0x00000000080006f8                OTG_FS_IRQHandler
                0x00000000080006f8                SPI3_IRQHandler
                0x00000000080006f8                WAKEUP_PIN_IRQHandler
                0x00000000080006f8                OTG_FS_EP1_IN_IRQHandler
                0x00000000080006f8                I2C1_ER_IRQHandler
                0x00000000080006f8                FMC_IRQHandler
                0x00000000080006f8                FDCAN_CAL_IRQHandler
                0x00000000080006f8                SWPMI1_IRQHandler
                0x00000000080006f8                COMP1_IRQHandler
                0x00000000080006f8                LPTIM1_IRQHandler
                0x00000000080006f8                I2C4_ER_IRQHandler
                0x00000000080006f8                DMA2_Stream6_IRQHandler
                0x00000000080006f8                HASH_RNG_IRQHandler
 .text.Reset_Handler
                0x00000000080006fc       0x4c build/startup_stm32h750xx.o
                0x00000000080006fc                Reset_Handler
 .text._ZN7daisysp3SvfD2Ev
                0x0000000008000748        0x4 build/MultiEffect.o
                0x0000000008000748                daisysp::Svf::~Svf()
                0x0000000008000748                daisysp::Svf::~Svf()
 .text._ZN7daisysp8ReverbScD2Ev
                0x000000000800074c        0x4 build/MultiEffect.o
                0x000000000800074c                daisysp::ReverbSc::~ReverbSc()
                0x000000000800074c                daisysp::ReverbSc::~ReverbSc()
 .text._ZN7daisysp6BiquadD2Ev
                0x0000000008000750        0x4 build/MultiEffect.o
                0x0000000008000750                daisysp::Biquad::~Biquad()
                0x0000000008000750                daisysp::Biquad::~Biquad()
 .text._ZN7daisysp4ToneD2Ev
                0x0000000008000754        0x4 build/MultiEffect.o
                0x0000000008000754                daisysp::Tone::~Tone()
                0x0000000008000754                daisysp::Tone::~Tone()
 .text._ZN7daisysp7DcBlockD2Ev
                0x0000000008000758        0x4 build/MultiEffect.o
                0x0000000008000758                daisysp::DcBlock::~DcBlock()
                0x0000000008000758                daisysp::DcBlock::~DcBlock()
 .text._ZN5daisy9ParameterD2Ev
                0x000000000800075c        0x4 build/MultiEffect.o
                0x000000000800075c                daisy::Parameter::~Parameter()
                0x000000000800075c                daisy::Parameter::~Parameter()
 .text._ZN5daisy11DaisyVersioD2Ev
                0x0000000008000760        0x4 build/MultiEffect.o
                0x0000000008000760                daisy::DaisyVersio::~DaisyVersio()
                0x0000000008000760                daisy::DaisyVersio::~DaisyVersio()
 .text._ZN6stmlib3SvfD2Ev
                0x0000000008000764        0x4 build/MultiEffect.o
                0x0000000008000764                stmlib::Svf::~Svf()
                0x0000000008000764                stmlib::Svf::~Svf()
 .text._ZN11LedsControlD2Ev
                0x0000000008000768        0x4 build/MultiEffect.o
                0x0000000008000768                LedsControl::~LedsControl()
                0x0000000008000768                LedsControl::~LedsControl()
 .text._ZN7OscBankD2Ev
                0x000000000800076c        0x4 build/MultiEffect.o
                0x000000000800076c                OscBank::~OscBank()
                0x000000000800076c                OscBank::~OscBank()
 .text._ZN8AveragerD2Ev
                0x0000000008000770        0x4 build/MultiEffect.o
                0x0000000008000770                Averager::~Averager()
                0x0000000008000770                Averager::~Averager()
 .text.__tcf_0  0x0000000008000774        0x4 build/MultiEffect.o
 .text._ZN7daisysp9DelayLineIfLj120000EED2Ev
                0x0000000008000778        0x4 build/MultiEffect.o
                0x0000000008000778                daisysp::DelayLine<float, 120000u>::~DelayLine()
                0x0000000008000778                daisysp::DelayLine<float, 120000u>::~DelayLine()
 .text.startup._ZNSt7__cxx1112basic_stringIcSt11char_traitsIcESaIcEEC2EPKcRKS3_.isra.0.constprop.0
                0x000000000800077c       0x10 build/MultiEffect.o
 .text._Z11findClosestPiPbiii
                0x000000000800078c       0x98 build/MultiEffect.o
                0x000000000800078c                findClosest(int*, bool*, int, int, int)
 .text._Z19SelectSpectraOctavef
                0x0000000008000824       0xf4 build/MultiEffect.o
                0x0000000008000824                SelectSpectraOctave(float)
 .text._Z21SelectResonatorOctavef
                0x0000000008000918       0x78 build/MultiEffect.o
                0x0000000008000918                SelectResonatorOctave(float)
 .text._Z14CompressSamplef
                0x0000000008000990      0x194 build/MultiEffect.o
                0x0000000008000990                CompressSample(float)
 .text._Z15GetReverbSampleRfS_ff
                0x0000000008000b24      0x6a8 build/MultiEffect.o
                0x0000000008000b24                GetReverbSample(float&, float&, float, float)
 *fill*         0x00000000080011cc        0x4 
 .text._Z18GetResonatorSampleRfS_ff
                0x00000000080011d0      0x6b8 build/MultiEffect.o
                0x00000000080011d0                GetResonatorSample(float&, float&, float, float)
 .text._Z16GetFilterSamplesPfS_S_S_j
                0x0000000008001888      0x248 build/MultiEffect.o
                0x0000000008001888                GetFilterSamples(float*, float*, float*, float*, unsigned int)
 .text._Z13GetLofiSampleRfS_ff
                0x0000000008001ad0      0xa5c build/MultiEffect.o
                0x0000000008001ad0                GetLofiSample(float&, float&, float, float)
 .text._Z17ResetLooperBufferv
                0x000000000800252c       0x90 build/MultiEffect.o
                0x000000000800252c                ResetLooperBuffer()
 .text.startup.main
                0x00000000080025bc      0x5c4 build/MultiEffect.o
                0x00000000080025bc                main
 .text._Z20SelectLooperDivisionff
                0x0000000008002b80      0x1d4 build/MultiEffect.o
                0x0000000008002b80                SelectLooperDivision(float, float)
 .text._Z21SelectLooperPlaySpeedff
                0x0000000008002d54      0x224 build/MultiEffect.o
                0x0000000008002d54                SelectLooperPlaySpeed(float, float)
 .text._Z15GetLooperSampleRfS_ff
                0x0000000008002f78      0x944 build/MultiEffect.o
                0x0000000008002f78                GetLooperSample(float&, float&, float, float)
 .text._Z19SelectDelayDivisionff
                0x00000000080038bc       0x98 build/MultiEffect.o
                0x00000000080038bc                SelectDelayDivision(float, float)
 *fill*         0x0000000008003954        0x4 
 .text._Z11UpdateKnobsv
                0x0000000008003958     0x1668 build/MultiEffect.o
                0x0000000008003958                UpdateKnobs()
 .text._Z8Controlsv
                0x0000000008004fc0       0x30 build/MultiEffect.o
                0x0000000008004fc0                Controls()
 .text._Z14GetDelaySampleRfS_ff
                0x0000000008004ff0      0xae0 build/MultiEffect.o
                0x0000000008004ff0                GetDelaySample(float&, float&, float, float)
 .text._Z16GetSpectraSampleRfS_ff
                0x0000000008005ad0      0x25c build/MultiEffect.o
                0x0000000008005ad0                GetSpectraSample(float&, float&, float, float)
 *fill*         0x0000000008005d2c        0x4 
 .text._Z19GetSpectringsSampleRfS_ff
                0x0000000008005d30      0x2d4 build/MultiEffect.o
                0x0000000008005d30                GetSpectringsSample(float&, float&, float, float)
 *fill*         0x0000000008006004        0x4 
 .text._ZL13AudioCallbackPPfS0_j
                0x0000000008006008      0x94c build/MultiEffect.o
 .text.startup._GLOBAL__sub_I_versio
                0x0000000008006954      0x35c build/MultiEffect.o
 .text._ZN5daisy11DaisyVersio4InitEb
                0x0000000008006cb0      0x1f8 ../../libdaisy/build/libdaisy.a(daisy_versio.o)
                0x0000000008006cb0                daisy::DaisyVersio::Init(bool)
 .text._ZN5daisy11DaisyVersio10StartAudioEPFvPPfS2_jE
                0x0000000008006ea8        0x4 ../../libdaisy/build/libdaisy.a(daisy_versio.o)
                0x0000000008006ea8                daisy::DaisyVersio::StartAudio(void (*)(float**, float**, unsigned int))
 .text._ZN5daisy11DaisyVersio15AudioSampleRateEv
                0x0000000008006eac        0x4 ../../libdaisy/build/libdaisy.a(daisy_versio.o)
                0x0000000008006eac                daisy::DaisyVersio::AudioSampleRate()
 .text._ZN5daisy11DaisyVersio8StartAdcEv
                0x0000000008006eb0        0x8 ../../libdaisy/build/libdaisy.a(daisy_versio.o)
                0x0000000008006eb0                daisy::DaisyVersio::StartAdc()
 .text._ZN5daisy11DaisyVersio21ProcessAnalogControlsEv
                0x0000000008006eb8       0x18 ../../libdaisy/build/libdaisy.a(daisy_versio.o)
                0x0000000008006eb8                daisy::DaisyVersio::ProcessAnalogControls()
 .text._ZN5daisy11DaisyVersio6SetLedEjfff
                0x0000000008006ed0        0xc ../../libdaisy/build/libdaisy.a(daisy_versio.o)
                0x0000000008006ed0                daisy::DaisyVersio::SetLed(unsigned int, float, float, float)
 .text._ZN5daisy11DaisyVersio10UpdateLedsEv
                0x0000000008006edc       0x28 ../../libdaisy/build/libdaisy.a(daisy_versio.o)
                0x0000000008006edc                daisy::DaisyVersio::UpdateLeds()
 .text._ZN5daisy11DaisyVersio12GetKnobValueEi
                0x0000000008006f04       0x10 ../../libdaisy/build/libdaisy.a(daisy_versio.o)
                0x0000000008006f04                daisy::DaisyVersio::GetKnobValue(int)
 .text._ZN5daisy13AnalogControl4InitEPtfbbf
                0x0000000008006f14       0x34 ../../libdaisy/build/libdaisy.a(ctrl.o)
                0x0000000008006f14                daisy::AnalogControl::Init(unsigned short*, float, bool, bool, float)
 .text._ZN5daisy13AnalogControl7ProcessEv
                0x0000000008006f48       0x48 ../../libdaisy/build/libdaisy.a(ctrl.o)
                0x0000000008006f48                daisy::AnalogControl::Process()
 .text._ZN5daisy6GateIn4InitEP12dsy_gpio_pin
                0x0000000008006f90       0x10 ../../libdaisy/build/libdaisy.a(gatein.o)
                0x0000000008006f90                daisy::GateIn::Init(dsy_gpio_pin*)
 .text._ZN5daisy6GateIn4TrigEv
                0x0000000008006fa0       0x28 ../../libdaisy/build/libdaisy.a(gatein.o)
                0x0000000008006fa0                daisy::GateIn::Trig()
 .text._ZN5daisy9Parameter4InitENS_13AnalogControlEffNS0_5CurveE
                0x0000000008006fc8       0x6c ../../libdaisy/build/libdaisy.a(parameter.o)
                0x0000000008006fc8                daisy::Parameter::Init(daisy::AnalogControl, float, float, daisy::Parameter::Curve)
 .text._ZN5daisy9Parameter7ProcessEv
                0x0000000008007034       0xa4 ../../libdaisy/build/libdaisy.a(parameter.o)
                0x0000000008007034                daisy::Parameter::Process()
 .text._ZN5daisy6RgbLed4InitE12dsy_gpio_pinS1_S1_b
                0x00000000080070d8       0x50 ../../libdaisy/build/libdaisy.a(rgb_led.o)
                0x00000000080070d8                daisy::RgbLed::Init(dsy_gpio_pin, dsy_gpio_pin, dsy_gpio_pin, bool)
 .text._ZN5daisy6RgbLed3SetEfff
                0x0000000008007128       0x34 ../../libdaisy/build/libdaisy.a(rgb_led.o)
                0x0000000008007128                daisy::RgbLed::Set(float, float, float)
 .text._ZN5daisy6RgbLed6UpdateEv
                0x000000000800715c       0x1c ../../libdaisy/build/libdaisy.a(rgb_led.o)
                0x000000000800715c                daisy::RgbLed::Update()
 .text._ZN5daisy6Switch4InitE12dsy_gpio_pinf
                0x0000000008007178       0x38 ../../libdaisy/build/libdaisy.a(switch.o)
                0x0000000008007178                daisy::Switch::Init(dsy_gpio_pin, float)
 .text._ZN5daisy6Switch8DebounceEv
                0x00000000080071b0       0x4c ../../libdaisy/build/libdaisy.a(switch.o)
                0x00000000080071b0                daisy::Switch::Debounce()
 .text._ZN5daisy16AdcChannelConfig10InitSingleE12dsy_gpio_pin
                0x00000000080071fc       0x1c ../../libdaisy/build/libdaisy.a(adc.o)
                0x00000000080071fc                daisy::AdcChannelConfig::InitSingle(dsy_gpio_pin)
 .text._ZN5daisy9AdcHandle4InitEPNS_16AdcChannelConfigEjNS0_12OverSamplingE
                0x0000000008007218      0x744 ../../libdaisy/build/libdaisy.a(adc.o)
                0x0000000008007218                daisy::AdcHandle::Init(daisy::AdcChannelConfig*, unsigned int, daisy::AdcHandle::OverSampling)
 .text._ZN5daisy9AdcHandle5StartEv
                0x000000000800795c       0x2c ../../libdaisy/build/libdaisy.a(adc.o)
                0x000000000800795c                daisy::AdcHandle::Start()
 .text._ZNK5daisy9AdcHandle6GetPtrEh
                0x0000000008007988       0x14 ../../libdaisy/build/libdaisy.a(adc.o)
                0x0000000008007988                daisy::AdcHandle::GetPtr(unsigned char) const
 .text.HAL_ADC_MspInit
                0x000000000800799c       0x9c ../../libdaisy/build/libdaisy.a(adc.o)
                0x000000000800799c                HAL_ADC_MspInit
 .text.DMA1_Stream2_IRQHandler
                0x0000000008007a38        0xc ../../libdaisy/build/libdaisy.a(adc.o)
                0x0000000008007a38                DMA1_Stream2_IRQHandler
 .text.HAL_ADC_ConvCpltCallback
                0x0000000008007a44      0x14c ../../libdaisy/build/libdaisy.a(adc.o)
                0x0000000008007a44                HAL_ADC_ConvCpltCallback
 .text.HAL_ADC_ErrorCallback
                0x0000000008007b90        0x4 ../../libdaisy/build/libdaisy.a(adc.o)
                0x0000000008007b90                HAL_ADC_ErrorCallback
 .text.dsy_gpio_init
                0x0000000008007b94      0x1b8 ../../libdaisy/build/libdaisy.a(gpio.o)
                0x0000000008007b94                dsy_gpio_init
 .text.dsy_gpio_read
                0x0000000008007d4c       0x1c ../../libdaisy/build/libdaisy.a(gpio.o)
                0x0000000008007d4c                dsy_gpio_read
 .text.dsy_gpio_write
                0x0000000008007d68       0x24 ../../libdaisy/build/libdaisy.a(gpio.o)
                0x0000000008007d68                dsy_gpio_write
 .text.SystemInit
                0x0000000008007d8c       0x80 ../../libdaisy/build/libdaisy.a(system_stm32h7xx.o)
                0x0000000008007d8c                SystemInit
 .text.dsy_hal_map_get_port
                0x0000000008007e0c       0x10 ../../libdaisy/build/libdaisy.a(hal_map.o)
                0x0000000008007e0c                dsy_hal_map_get_port
 .text.dsy_hal_map_get_pin
                0x0000000008007e1c       0x10 ../../libdaisy/build/libdaisy.a(hal_map.o)
                0x0000000008007e1c                dsy_hal_map_get_pin
 .text.HAL_ADC_ConvHalfCpltCallback
                0x0000000008007e2c        0x4 ../../libdaisy/build/libdaisy.a(stm32h7xx_hal_adc.o)
                0x0000000008007e2c                HAL_ADC_ConvHalfCpltCallback
 .text.ADC_DMAHalfConvCplt
                0x0000000008007e30        0xc ../../libdaisy/build/libdaisy.a(stm32h7xx_hal_adc.o)
                0x0000000008007e30                ADC_DMAHalfConvCplt
 .text.ADC_DMAConvCplt
                0x0000000008007e3c       0x6c ../../libdaisy/build/libdaisy.a(stm32h7xx_hal_adc.o)
                0x0000000008007e3c                ADC_DMAConvCplt
 .text.ADC_DMAError
                0x0000000008007ea8       0x1c ../../libdaisy/build/libdaisy.a(stm32h7xx_hal_adc.o)
                0x0000000008007ea8                ADC_DMAError
 .text.HAL_ADC_ConfigChannel
                0x0000000008007ec4      0x3fc ../../libdaisy/build/libdaisy.a(stm32h7xx_hal_adc.o)
                0x0000000008007ec4                HAL_ADC_ConfigChannel
 .text.ADC_Enable
                0x00000000080082c0       0xac ../../libdaisy/build/libdaisy.a(stm32h7xx_hal_adc.o)
                0x00000000080082c0                ADC_Enable
 .text.HAL_ADC_Start_DMA
                0x000000000800836c      0x118 ../../libdaisy/build/libdaisy.a(stm32h7xx_hal_adc.o)
                0x000000000800836c                HAL_ADC_Start_DMA
 .text.ADC_Disable
                0x0000000008008484       0x68 ../../libdaisy/build/libdaisy.a(stm32h7xx_hal_adc.o)
                0x0000000008008484                ADC_Disable
 .text.ADC_ConfigureBoostMode
                0x00000000080084ec      0x190 ../../libdaisy/build/libdaisy.a(stm32h7xx_hal_adc.o)
                0x00000000080084ec                ADC_ConfigureBoostMode
 .text.HAL_ADC_Init
                0x000000000800867c      0x214 ../../libdaisy/build/libdaisy.a(stm32h7xx_hal_adc.o)
                0x000000000800867c                HAL_ADC_Init
 .text.HAL_ADCEx_Calibration_Start
                0x0000000008008890       0xa4 ../../libdaisy/build/libdaisy.a(stm32h7xx_hal_adc_ex.o)
                0x0000000008008890                HAL_ADCEx_Calibration_Start
 .text.HAL_ADCEx_MultiModeConfigChannel
                0x0000000008008934       0xc4 ../../libdaisy/build/libdaisy.a(stm32h7xx_hal_adc_ex.o)
                0x0000000008008934                HAL_ADCEx_MultiModeConfigChannel
 .text.DMA_CalcBaseAndBitshift
                0x00000000080089f8       0xf8 ../../libdaisy/build/libdaisy.a(stm32h7xx_hal_dma.o)
 .text.DMA_CalcDMAMUXChannelBaseAndMask
                0x0000000008008af0       0xd8 ../../libdaisy/build/libdaisy.a(stm32h7xx_hal_dma.o)
 .text.HAL_DMA_Init
                0x0000000008008bc8      0x394 ../../libdaisy/build/libdaisy.a(stm32h7xx_hal_dma.o)
                0x0000000008008bc8                HAL_DMA_Init
 .text.HAL_DMA_Start_IT
                0x0000000008008f5c      0x250 ../../libdaisy/build/libdaisy.a(stm32h7xx_hal_dma.o)
                0x0000000008008f5c                HAL_DMA_Start_IT
 .text.HAL_DMA_IRQHandler
                0x00000000080091ac      0x6bc ../../libdaisy/build/libdaisy.a(stm32h7xx_hal_dma.o)
                0x00000000080091ac                HAL_DMA_IRQHandler
 .text.HAL_DMA_GetError
                0x0000000008009868        0x4 ../../libdaisy/build/libdaisy.a(stm32h7xx_hal_dma.o)
                0x0000000008009868                HAL_DMA_GetError
 .text.HAL_GPIO_Init
                0x000000000800986c      0x248 ../../libdaisy/build/libdaisy.a(stm32h7xx_hal_gpio.o)
                0x000000000800986c                HAL_GPIO_Init
 .text.HAL_GPIO_DeInit
                0x0000000008009ab4      0x19c ../../libdaisy/build/libdaisy.a(stm32h7xx_hal_gpio.o)
                0x0000000008009ab4                HAL_GPIO_DeInit
 .text.HAL_GPIO_ReadPin
                0x0000000008009c50        0xc ../../libdaisy/build/libdaisy.a(stm32h7xx_hal_gpio.o)
                0x0000000008009c50                HAL_GPIO_ReadPin
 .text.HAL_GPIO_WritePin
                0x0000000008009c5c        0x8 ../../libdaisy/build/libdaisy.a(stm32h7xx_hal_gpio.o)
                0x0000000008009c5c                HAL_GPIO_WritePin
 .text.HAL_RCC_OscConfig
                0x0000000008009c64      0x540 ../../libdaisy/build/libdaisy.a(stm32h7xx_hal_rcc.o)
                0x0000000008009c64                HAL_RCC_OscConfig
 .text.HAL_RCC_GetSysClockFreq
                0x000000000800a1a4      0x140 ../../libdaisy/build/libdaisy.a(stm32h7xx_hal_rcc.o)
                0x000000000800a1a4                HAL_RCC_GetSysClockFreq
 .text.HAL_RCC_ClockConfig
                0x000000000800a2e4      0x234 ../../libdaisy/build/libdaisy.a(stm32h7xx_hal_rcc.o)
                0x000000000800a2e4                HAL_RCC_ClockConfig
 .text.HAL_RCC_GetHCLKFreq
                0x000000000800a518       0x2c ../../libdaisy/build/libdaisy.a(stm32h7xx_hal_rcc.o)
                0x000000000800a518                HAL_RCC_GetHCLKFreq
 .text.RCCEx_PLL2_Config
                0x000000000800a544       0xf8 ../../libdaisy/build/libdaisy.a(stm32h7xx_hal_rcc_ex.o)
 .text.RCCEx_PLL3_Config
                0x000000000800a63c       0xf8 ../../libdaisy/build/libdaisy.a(stm32h7xx_hal_rcc_ex.o)
 .text.HAL_RCCEx_PeriphCLKConfig
                0x000000000800a734      0xa7c ../../libdaisy/build/libdaisy.a(stm32h7xx_hal_rcc_ex.o)
                0x000000000800a734                HAL_RCCEx_PeriphCLKConfig
 .text.HAL_RCCEx_GetPLL2ClockFreq
                0x000000000800b1b0      0x17c ../../libdaisy/build/libdaisy.a(stm32h7xx_hal_rcc_ex.o)
                0x000000000800b1b0                HAL_RCCEx_GetPLL2ClockFreq
 .text.HAL_RCCEx_GetPLL3ClockFreq
                0x000000000800b32c      0x17c ../../libdaisy/build/libdaisy.a(stm32h7xx_hal_rcc_ex.o)
                0x000000000800b32c                HAL_RCCEx_GetPLL3ClockFreq
 .text.HAL_RCCEx_GetPLL1ClockFreq
                0x000000000800b4a8      0x17c ../../libdaisy/build/libdaisy.a(stm32h7xx_hal_rcc_ex.o)
                0x000000000800b4a8                HAL_RCCEx_GetPLL1ClockFreq
 .text.HAL_RCCEx_GetPeriphCLKFreq
                0x000000000800b624      0x198 ../../libdaisy/build/libdaisy.a(stm32h7xx_hal_rcc_ex.o)
                0x000000000800b624                HAL_RCCEx_GetPeriphCLKFreq
 .text.HAL_RCCEx_GetD1SysClockFreq
                0x000000000800b7bc       0x2c ../../libdaisy/build/libdaisy.a(stm32h7xx_hal_rcc_ex.o)
                0x000000000800b7bc                HAL_RCCEx_GetD1SysClockFreq
 .text.HAL_InitTick
                0x000000000800b7e8      0x130 ../../libdaisy/build/libdaisy.a(stm32h7xx_hal_timebase_rtc_alarm_template.o)
                0x000000000800b7e8                HAL_InitTick
 .text.HAL_RTC_AlarmAEventCallback
                0x000000000800b918       0x5c ../../libdaisy/build/libdaisy.a(stm32h7xx_hal_timebase_rtc_alarm_template.o)
                0x000000000800b918                HAL_RTC_AlarmAEventCallback
 .text.RTC_Alarm_IRQHandler
                0x000000000800b974        0xc ../../libdaisy/build/libdaisy.a(stm32h7xx_hal_timebase_rtc_alarm_template.o)
                0x000000000800b974                RTC_Alarm_IRQHandler
 .text._ZN5daisy9DaisySeed9ConfigureEv
                0x000000000800b980       0x40 ../../libdaisy/build/libdaisy.a(daisy_seed.o)
                0x000000000800b980                daisy::DaisySeed::Configure()
 .text._ZN5daisy9DaisySeed6GetPinEh
                0x000000000800b9c0       0x2c ../../libdaisy/build/libdaisy.a(daisy_seed.o)
                0x000000000800b9c0                daisy::DaisySeed::GetPin(unsigned char)
 .text._ZN5daisy9DaisySeed10StartAudioEPFvPPfS2_jE
                0x000000000800b9ec        0x8 ../../libdaisy/build/libdaisy.a(daisy_seed.o)
                0x000000000800b9ec                daisy::DaisySeed::StartAudio(void (*)(float**, float**, unsigned int))
 .text._ZN5daisy9DaisySeed15AudioSampleRateEv
                0x000000000800b9f4        0x8 ../../libdaisy/build/libdaisy.a(daisy_seed.o)
                0x000000000800b9f4                daisy::DaisySeed::AudioSampleRate()
 .text._ZN5daisy9DaisySeed17SetAudioBlockSizeEj
                0x000000000800b9fc       0x38 ../../libdaisy/build/libdaisy.a(daisy_seed.o)
                0x000000000800b9fc                daisy::DaisySeed::SetAudioBlockSize(unsigned int)
 .text._ZN5daisy9DaisySeed14AudioBlockSizeEv
                0x000000000800ba34        0xc ../../libdaisy/build/libdaisy.a(daisy_seed.o)
                0x000000000800ba34                daisy::DaisySeed::AudioBlockSize()
 .text._ZN5daisy9DaisySeed14ConfigureAudioEv
                0x000000000800ba40       0x70 ../../libdaisy/build/libdaisy.a(daisy_seed.o)
                0x000000000800ba40                daisy::DaisySeed::ConfigureAudio()
 .text._ZN5daisy9DaisySeed4InitEb
                0x000000000800bab0       0x7c ../../libdaisy/build/libdaisy.a(daisy_seed.o)
                0x000000000800bab0                daisy::DaisySeed::Init(bool)
 .text._ZN5daisy6Ak45564InitE12dsy_gpio_pin
                0x000000000800bb2c       0x44 ../../libdaisy/build/libdaisy.a(codec_ak4556.o)
                0x000000000800bb2c                daisy::Ak4556::Init(dsy_gpio_pin)
 .text.dsy_sdram_init
                0x000000000800bb70      0x120 ../../libdaisy/build/libdaisy.a(sdram.o)
                0x000000000800bb70                dsy_sdram_init
 .text.HAL_SDRAM_MspInit
                0x000000000800bc90      0x1cc ../../libdaisy/build/libdaisy.a(sdram.o)
                0x000000000800bc90                HAL_SDRAM_MspInit
 .text._ZN5daisy11AudioHandle4Impl16InternalCallbackEPlS2_j
                0x000000000800be5c      0xc14 ../../libdaisy/build/libdaisy.a(audio.o)
                0x000000000800be5c                daisy::AudioHandle::Impl::InternalCallback(long*, long*, unsigned int)
 .text._ZN5daisy11AudioHandle4InitERKNS0_6ConfigENS_9SaiHandleE
                0x000000000800ca70       0x68 ../../libdaisy/build/libdaisy.a(audio.o)
                0x000000000800ca70                daisy::AudioHandle::Init(daisy::AudioHandle::Config const&, daisy::SaiHandle)
 .text._ZNK5daisy11AudioHandle9GetConfigEv
                0x000000000800cad8        0x8 ../../libdaisy/build/libdaisy.a(audio.o)
                0x000000000800cad8                daisy::AudioHandle::GetConfig() const
 .text._ZN5daisy11AudioHandle12SetBlockSizeEj
                0x000000000800cae0       0x1c ../../libdaisy/build/libdaisy.a(audio.o)
                0x000000000800cae0                daisy::AudioHandle::SetBlockSize(unsigned int)
 .text._ZN5daisy11AudioHandle13GetSampleRateEv
                0x000000000800cafc        0x8 ../../libdaisy/build/libdaisy.a(audio.o)
                0x000000000800cafc                daisy::AudioHandle::GetSampleRate()
 .text._ZN5daisy11AudioHandle5StartEPFvPPfS2_jE
                0x000000000800cb04       0x44 ../../libdaisy/build/libdaisy.a(audio.o)
                0x000000000800cb04                daisy::AudioHandle::Start(void (*)(float**, float**, unsigned int))
 .text.startup._GLOBAL__sub_I__ZN5daisy11AudioHandle4Impl4InitENS0_6ConfigENS_9SaiHandleE
                0x000000000800cb48       0x10 ../../libdaisy/build/libdaisy.a(audio.o)
 .text._ZN5daisy3Led4InitE12dsy_gpio_pinbf
                0x000000000800cb58       0x48 ../../libdaisy/build/libdaisy.a(led.o)
                0x000000000800cb58                daisy::Led::Init(dsy_gpio_pin, bool, float)
 .text._ZN5daisy3Led3SetEf
                0x000000000800cba0       0x24 ../../libdaisy/build/libdaisy.a(led.o)
                0x000000000800cba0                daisy::Led::Set(float)
 .text._ZN5daisy3Led6UpdateEv
                0x000000000800cbc4       0x48 ../../libdaisy/build/libdaisy.a(led.o)
                0x000000000800cbc4                daisy::Led::Update()
 .text.dsy_qspi_init
                0x000000000800cc0c      0x390 ../../libdaisy/build/libdaisy.a(qspi.o)
                0x000000000800cc0c                dsy_qspi_init
 .text.HAL_QSPI_MspInit
                0x000000000800cf9c      0x10c ../../libdaisy/build/libdaisy.a(qspi.o)
                0x000000000800cf9c                HAL_QSPI_MspInit
 .text.HAL_QSPI_MspDeInit
                0x000000000800d0a8       0x58 ../../libdaisy/build/libdaisy.a(qspi.o)
                0x000000000800d0a8                HAL_QSPI_MspDeInit
 .text.QUADSPI_IRQHandler
                0x000000000800d100        0xc ../../libdaisy/build/libdaisy.a(qspi.o)
                0x000000000800d100                QUADSPI_IRQHandler
 .text._ZN5daisy9SaiHandle4Impl7InitDmaENS1_15PeripheralBlockE
                0x000000000800d10c       0xa0 ../../libdaisy/build/libdaisy.a(sai.o)
                0x000000000800d10c                daisy::SaiHandle::Impl::InitDma(daisy::SaiHandle::Impl::PeripheralBlock)
 .text._ZN5daisy9SaiHandle4Impl8InitPinsEv
                0x000000000800d1ac       0xa8 ../../libdaisy/build/libdaisy.a(sai.o)
                0x000000000800d1ac                daisy::SaiHandle::Impl::InitPins()
 .text.HAL_SAI_MspInit
                0x000000000800d254      0x164 ../../libdaisy/build/libdaisy.a(sai.o)
                0x000000000800d254                HAL_SAI_MspInit
 .text.DMA1_Stream0_IRQHandler
                0x000000000800d3b8        0xc ../../libdaisy/build/libdaisy.a(sai.o)
                0x000000000800d3b8                DMA1_Stream0_IRQHandler
 .text.DMA1_Stream1_IRQHandler
                0x000000000800d3c4        0xc ../../libdaisy/build/libdaisy.a(sai.o)
                0x000000000800d3c4                DMA1_Stream1_IRQHandler
 .text.DMA1_Stream3_IRQHandler
                0x000000000800d3d0        0xc ../../libdaisy/build/libdaisy.a(sai.o)
                0x000000000800d3d0                DMA1_Stream3_IRQHandler
 .text.DMA1_Stream4_IRQHandler
                0x000000000800d3dc        0xc ../../libdaisy/build/libdaisy.a(sai.o)
                0x000000000800d3dc                DMA1_Stream4_IRQHandler
 .text.HAL_SAI_RxHalfCpltCallback
                0x000000000800d3e8       0x78 ../../libdaisy/build/libdaisy.a(sai.o)
                0x000000000800d3e8                HAL_SAI_RxHalfCpltCallback
 .text.HAL_SAI_RxCpltCallback
                0x000000000800d460       0x70 ../../libdaisy/build/libdaisy.a(sai.o)
                0x000000000800d460                HAL_SAI_RxCpltCallback
 .text._ZN5daisy9SaiHandle4InitERKNS0_6ConfigE
                0x000000000800d4d0      0x1e0 ../../libdaisy/build/libdaisy.a(sai.o)
                0x000000000800d4d0                daisy::SaiHandle::Init(daisy::SaiHandle::Config const&)
 .text._ZNK5daisy9SaiHandle9GetConfigEv
                0x000000000800d6b0        0x4 ../../libdaisy/build/libdaisy.a(sai.o)
                0x000000000800d6b0                daisy::SaiHandle::GetConfig() const
 .text._ZN5daisy9SaiHandle8StartDmaEPlS1_jPFvS1_S1_jE
                0x000000000800d6b4       0x68 ../../libdaisy/build/libdaisy.a(sai.o)
                0x000000000800d6b4                daisy::SaiHandle::StartDma(long*, long*, unsigned int, void (*)(long*, long*, unsigned int))
 .text._ZN5daisy9SaiHandle13GetSampleRateEv
                0x000000000800d71c       0x24 ../../libdaisy/build/libdaisy.a(sai.o)
                0x000000000800d71c                daisy::SaiHandle::GetSampleRate()
 .text._ZNK5daisy9SaiHandle9GetOffsetEv
                0x000000000800d740        0x8 ../../libdaisy/build/libdaisy.a(sai.o)
                0x000000000800d740                daisy::SaiHandle::GetOffset() const
 .text._ZN5daisy11TimerHandleD2Ev
                0x000000000800d748        0x4 ../../libdaisy/build/libdaisy.a(system.o)
                0x000000000800d748                daisy::TimerHandle::~TimerHandle()
                0x000000000800d748                daisy::TimerHandle::~TimerHandle()
 .text.SysTick_Handler
                0x000000000800d74c       0x10 ../../libdaisy/build/libdaisy.a(system.o)
                0x000000000800d74c                SysTick_Handler
 .text.HardFault_Handler
                0x000000000800d75c        0x4 ../../libdaisy/build/libdaisy.a(system.o)
                0x000000000800d75c                HardFault_Handler
 .text._ZN5daisy6System5DelayEm
                0x000000000800d760        0x4 ../../libdaisy/build/libdaisy.a(system.o)
                0x000000000800d760                daisy::System::Delay(unsigned long)
 *fill*         0x000000000800d764        0x4 
 .text._ZN5daisy6System15ConfigureClocksEv
                0x000000000800d768      0x1c4 ../../libdaisy/build/libdaisy.a(system.o)
                0x000000000800d768                daisy::System::ConfigureClocks()
 .text._ZN5daisy6System4InitERKNS0_6ConfigE
                0x000000000800d92c      0x114 ../../libdaisy/build/libdaisy.a(system.o)
                0x000000000800d92c                daisy::System::Init(daisy::System::Config const&)
 .text.startup._GLOBAL__sub_I_SysTick_Handler
                0x000000000800da40       0x1c ../../libdaisy/build/libdaisy.a(system.o)
 .text.HAL_MspInit
                0x000000000800da5c        0x4 ../../libdaisy/build/libdaisy.a(stm32h7xx_hal.o)
                0x000000000800da5c                HAL_MspInit
 .text.HAL_Init
                0x000000000800da60       0x5c ../../libdaisy/build/libdaisy.a(stm32h7xx_hal.o)
                0x000000000800da60                HAL_Init
 .text.HAL_IncTick
                0x000000000800dabc       0x18 ../../libdaisy/build/libdaisy.a(stm32h7xx_hal.o)
                0x000000000800dabc                HAL_IncTick
 .text.HAL_GetTick
                0x000000000800dad4        0xc ../../libdaisy/build/libdaisy.a(stm32h7xx_hal.o)
                0x000000000800dad4                HAL_GetTick
 .text.HAL_Delay
                0x000000000800dae0       0x24 ../../libdaisy/build/libdaisy.a(stm32h7xx_hal.o)
                0x000000000800dae0                HAL_Delay
 .text.HAL_GetREVID
                0x000000000800db04        0xc ../../libdaisy/build/libdaisy.a(stm32h7xx_hal.o)
                0x000000000800db04                HAL_GetREVID
 .text.HAL_NVIC_SetPriorityGrouping
                0x000000000800db10       0x28 ../../libdaisy/build/libdaisy.a(stm32h7xx_hal_cortex.o)
                0x000000000800db10                HAL_NVIC_SetPriorityGrouping
 .text.HAL_NVIC_SetPriority
                0x000000000800db38       0x74 ../../libdaisy/build/libdaisy.a(stm32h7xx_hal_cortex.o)
                0x000000000800db38                HAL_NVIC_SetPriority
 .text.HAL_NVIC_EnableIRQ
                0x000000000800dbac       0x1c ../../libdaisy/build/libdaisy.a(stm32h7xx_hal_cortex.o)
                0x000000000800dbac                HAL_NVIC_EnableIRQ
 .text.HAL_NVIC_DisableIRQ
                0x000000000800dbc8       0x28 ../../libdaisy/build/libdaisy.a(stm32h7xx_hal_cortex.o)
                0x000000000800dbc8                HAL_NVIC_DisableIRQ
 .text.HAL_MPU_Disable
                0x000000000800dbf0       0x20 ../../libdaisy/build/libdaisy.a(stm32h7xx_hal_cortex.o)
                0x000000000800dbf0                HAL_MPU_Disable
 .text.HAL_MPU_Enable
                0x000000000800dc10       0x24 ../../libdaisy/build/libdaisy.a(stm32h7xx_hal_cortex.o)
                0x000000000800dc10                HAL_MPU_Enable
 .text.HAL_MPU_ConfigRegion
                0x000000000800dc34       0x50 ../../libdaisy/build/libdaisy.a(stm32h7xx_hal_cortex.o)
                0x000000000800dc34                HAL_MPU_ConfigRegion
 .text.HAL_SYSTICK_Callback
                0x000000000800dc84        0x4 ../../libdaisy/build/libdaisy.a(stm32h7xx_hal_cortex.o)
                0x000000000800dc84                HAL_SYSTICK_Callback
 .text.HAL_SYSTICK_IRQHandler
                0x000000000800dc88        0x8 ../../libdaisy/build/libdaisy.a(stm32h7xx_hal_cortex.o)
                0x000000000800dc88                HAL_SYSTICK_IRQHandler
 .text.HAL_PWREx_ConfigSupply
                0x000000000800dc90       0x4c ../../libdaisy/build/libdaisy.a(stm32h7xx_hal_pwr_ex.o)
                0x000000000800dc90                HAL_PWREx_ConfigSupply
 .text.HAL_PWREx_EnableUSBVoltageDetector
                0x000000000800dcdc       0x10 ../../libdaisy/build/libdaisy.a(stm32h7xx_hal_pwr_ex.o)
                0x000000000800dcdc                HAL_PWREx_EnableUSBVoltageDetector
 .text.QSPI_Config
                0x000000000800dcec      0x1d4 ../../libdaisy/build/libdaisy.a(stm32h7xx_hal_qspi.o)
 .text.HAL_QSPI_Init
                0x000000000800dec0       0xd8 ../../libdaisy/build/libdaisy.a(stm32h7xx_hal_qspi.o)
                0x000000000800dec0                HAL_QSPI_Init
 .text.HAL_QSPI_DeInit
                0x000000000800df98       0x3c ../../libdaisy/build/libdaisy.a(stm32h7xx_hal_qspi.o)
                0x000000000800df98                HAL_QSPI_DeInit
 .text.HAL_QSPI_Command
                0x000000000800dfd4       0xd4 ../../libdaisy/build/libdaisy.a(stm32h7xx_hal_qspi.o)
                0x000000000800dfd4                HAL_QSPI_Command
 .text.HAL_QSPI_Transmit
                0x000000000800e0a8       0xfc ../../libdaisy/build/libdaisy.a(stm32h7xx_hal_qspi.o)
                0x000000000800e0a8                HAL_QSPI_Transmit
 .text.HAL_QSPI_Receive
                0x000000000800e1a4      0x108 ../../libdaisy/build/libdaisy.a(stm32h7xx_hal_qspi.o)
                0x000000000800e1a4                HAL_QSPI_Receive
 .text.HAL_QSPI_AutoPolling
                0x000000000800e2ac       0xe8 ../../libdaisy/build/libdaisy.a(stm32h7xx_hal_qspi.o)
                0x000000000800e2ac                HAL_QSPI_AutoPolling
 .text.HAL_QSPI_MemoryMapped
                0x000000000800e394       0xb8 ../../libdaisy/build/libdaisy.a(stm32h7xx_hal_qspi.o)
                0x000000000800e394                HAL_QSPI_MemoryMapped
 .text.HAL_QSPI_ErrorCallback
                0x000000000800e44c        0x4 ../../libdaisy/build/libdaisy.a(stm32h7xx_hal_qspi.o)
                0x000000000800e44c                HAL_QSPI_ErrorCallback
 .text.QSPI_DMAAbortCplt
                0x000000000800e450       0x38 ../../libdaisy/build/libdaisy.a(stm32h7xx_hal_qspi.o)
 .text.HAL_QSPI_AbortCpltCallback
                0x000000000800e488        0x4 ../../libdaisy/build/libdaisy.a(stm32h7xx_hal_qspi.o)
                0x000000000800e488                HAL_QSPI_AbortCpltCallback
 .text.HAL_QSPI_CmdCpltCallback
                0x000000000800e48c        0x4 ../../libdaisy/build/libdaisy.a(stm32h7xx_hal_qspi.o)
                0x000000000800e48c                HAL_QSPI_CmdCpltCallback
 .text.HAL_QSPI_RxCpltCallback
                0x000000000800e490        0x4 ../../libdaisy/build/libdaisy.a(stm32h7xx_hal_qspi.o)
                0x000000000800e490                HAL_QSPI_RxCpltCallback
 .text.HAL_QSPI_TxCpltCallback
                0x000000000800e494        0x4 ../../libdaisy/build/libdaisy.a(stm32h7xx_hal_qspi.o)
                0x000000000800e494                HAL_QSPI_TxCpltCallback
 .text.HAL_QSPI_FifoThresholdCallback
                0x000000000800e498        0x4 ../../libdaisy/build/libdaisy.a(stm32h7xx_hal_qspi.o)
                0x000000000800e498                HAL_QSPI_FifoThresholdCallback
 .text.HAL_QSPI_StatusMatchCallback
                0x000000000800e49c        0x4 ../../libdaisy/build/libdaisy.a(stm32h7xx_hal_qspi.o)
                0x000000000800e49c                HAL_QSPI_StatusMatchCallback
 .text.HAL_QSPI_TimeOutCallback
                0x000000000800e4a0        0x4 ../../libdaisy/build/libdaisy.a(stm32h7xx_hal_qspi.o)
                0x000000000800e4a0                HAL_QSPI_TimeOutCallback
 .text.HAL_QSPI_IRQHandler
                0x000000000800e4a4      0x210 ../../libdaisy/build/libdaisy.a(stm32h7xx_hal_qspi.o)
                0x000000000800e4a4                HAL_QSPI_IRQHandler
 .text.HAL_RTC_MspInit
                0x000000000800e6b4        0x4 ../../libdaisy/build/libdaisy.a(stm32h7xx_hal_rtc.o)
                0x000000000800e6b4                HAL_RTC_MspInit
 .text.HAL_RTC_Init
                0x000000000800e6b8       0xc0 ../../libdaisy/build/libdaisy.a(stm32h7xx_hal_rtc.o)
                0x000000000800e6b8                HAL_RTC_Init
 .text.HAL_RTC_AlarmIRQHandler
                0x000000000800e778       0x5c ../../libdaisy/build/libdaisy.a(stm32h7xx_hal_rtc.o)
                0x000000000800e778                HAL_RTC_AlarmIRQHandler
 .text.HAL_RTCEx_AlarmBEventCallback
                0x000000000800e7d4        0x4 ../../libdaisy/build/libdaisy.a(stm32h7xx_hal_rtc_ex.o)
                0x000000000800e7d4                HAL_RTCEx_AlarmBEventCallback
 .text.HAL_SAI_Init.part.0
                0x000000000800e7d8      0x364 ../../libdaisy/build/libdaisy.a(stm32h7xx_hal_sai.o)
 .text.HAL_SAI_InitProtocol
                0x000000000800eb3c      0x184 ../../libdaisy/build/libdaisy.a(stm32h7xx_hal_sai.o)
                0x000000000800eb3c                HAL_SAI_InitProtocol
 .text.HAL_SAI_Transmit_DMA
                0x000000000800ecc0      0x124 ../../libdaisy/build/libdaisy.a(stm32h7xx_hal_sai.o)
                0x000000000800ecc0                HAL_SAI_Transmit_DMA
 .text.HAL_SAI_Receive_DMA
                0x000000000800ede4       0xcc ../../libdaisy/build/libdaisy.a(stm32h7xx_hal_sai.o)
                0x000000000800ede4                HAL_SAI_Receive_DMA
 .text.HAL_SAI_TxCpltCallback
                0x000000000800eeb0        0x4 ../../libdaisy/build/libdaisy.a(stm32h7xx_hal_sai.o)
                0x000000000800eeb0                HAL_SAI_TxCpltCallback
 .text.SAI_DMATxCplt
                0x000000000800eeb4       0x60 ../../libdaisy/build/libdaisy.a(stm32h7xx_hal_sai.o)
 .text.HAL_SAI_TxHalfCpltCallback
                0x000000000800ef14        0x4 ../../libdaisy/build/libdaisy.a(stm32h7xx_hal_sai.o)
                0x000000000800ef14                HAL_SAI_TxHalfCpltCallback
 .text.SAI_DMATxHalfCplt
                0x000000000800ef18        0xc ../../libdaisy/build/libdaisy.a(stm32h7xx_hal_sai.o)
 .text.SAI_DMARxCplt
                0x000000000800ef24       0x60 ../../libdaisy/build/libdaisy.a(stm32h7xx_hal_sai.o)
 .text.SAI_DMARxHalfCplt
                0x000000000800ef84        0xc ../../libdaisy/build/libdaisy.a(stm32h7xx_hal_sai.o)
 .text.HAL_SAI_ErrorCallback
                0x000000000800ef90        0x4 ../../libdaisy/build/libdaisy.a(stm32h7xx_hal_sai.o)
                0x000000000800ef90                HAL_SAI_ErrorCallback
 .text.SAI_DMAError
                0x000000000800ef94       0x6c ../../libdaisy/build/libdaisy.a(stm32h7xx_hal_sai.o)
 .text.HAL_SDRAM_Init
                0x000000000800f000       0x54 ../../libdaisy/build/libdaisy.a(stm32h7xx_hal_sdram.o)
                0x000000000800f000                HAL_SDRAM_Init
 .text.HAL_SDRAM_SendCommand
                0x000000000800f054       0x40 ../../libdaisy/build/libdaisy.a(stm32h7xx_hal_sdram.o)
                0x000000000800f054                HAL_SDRAM_SendCommand
 .text.HAL_SDRAM_ProgramRefreshRate
                0x000000000800f094       0x30 ../../libdaisy/build/libdaisy.a(stm32h7xx_hal_sdram.o)
                0x000000000800f094                HAL_SDRAM_ProgramRefreshRate
 .text.FMC_SDRAM_Init
                0x000000000800f0c4       0x78 ../../libdaisy/build/libdaisy.a(stm32h7xx_ll_fmc.o)
                0x000000000800f0c4                FMC_SDRAM_Init
 .text.FMC_SDRAM_Timing_Init
                0x000000000800f13c       0x98 ../../libdaisy/build/libdaisy.a(stm32h7xx_ll_fmc.o)
                0x000000000800f13c                FMC_SDRAM_Timing_Init
 .text.FMC_SDRAM_SendCommand
                0x000000000800f1d4       0x24 ../../libdaisy/build/libdaisy.a(stm32h7xx_ll_fmc.o)
                0x000000000800f1d4                FMC_SDRAM_SendCommand
 .text.FMC_SDRAM_ProgramRefreshRate
                0x000000000800f1f8       0x1c ../../libdaisy/build/libdaisy.a(stm32h7xx_ll_fmc.o)
                0x000000000800f1f8                FMC_SDRAM_ProgramRefreshRate
 .text.dsy_i2c_global_init
                0x000000000800f214       0x70 ../../libdaisy/build/libdaisy.a(i2c.o)
                0x000000000800f214                dsy_i2c_global_init
 .text.DMA1_Stream6_IRQHandler
                0x000000000800f284       0x24 ../../libdaisy/build/libdaisy.a(i2c.o)
                0x000000000800f284                DMA1_Stream6_IRQHandler
 .text.I2C1_EV_IRQHandler
                0x000000000800f2a8        0xc ../../libdaisy/build/libdaisy.a(i2c.o)
                0x000000000800f2a8                I2C1_EV_IRQHandler
 .text.I2C2_EV_IRQHandler
                0x000000000800f2b4        0xc ../../libdaisy/build/libdaisy.a(i2c.o)
                0x000000000800f2b4                I2C2_EV_IRQHandler
 .text.I2C3_EV_IRQHandler
                0x000000000800f2c0        0xc ../../libdaisy/build/libdaisy.a(i2c.o)
                0x000000000800f2c0                I2C3_EV_IRQHandler
 .text.HAL_TIM_Base_MspInit
                0x000000000800f2cc       0xcc ../../libdaisy/build/libdaisy.a(tim.o)
                0x000000000800f2cc                HAL_TIM_Base_MspInit
 .text._ZN5daisy11TimerHandle4InitERKNS0_6ConfigE
                0x000000000800f398       0xd0 ../../libdaisy/build/libdaisy.a(tim.o)
                0x000000000800f398                daisy::TimerHandle::Init(daisy::TimerHandle::Config const&)
 .text._ZN5daisy11TimerHandle5StartEv
                0x000000000800f468       0x14 ../../libdaisy/build/libdaisy.a(tim.o)
                0x000000000800f468                daisy::TimerHandle::Start()
 .text.dsy_dma_init
                0x000000000800f47c       0xd0 ../../libdaisy/build/libdaisy.a(dma.o)
                0x000000000800f47c                dsy_dma_init
 .text.HAL_I2C_EV_IRQHandler
                0x000000000800f54c       0x10 ../../libdaisy/build/libdaisy.a(stm32h7xx_hal_i2c.o)
                0x000000000800f54c                HAL_I2C_EV_IRQHandler
 .text.HAL_MDMA_Abort_IT
                0x000000000800f55c       0x2c ../../libdaisy/build/libdaisy.a(stm32h7xx_hal_mdma.o)
                0x000000000800f55c                HAL_MDMA_Abort_IT
 .text.HAL_TIM_Base_Init
                0x000000000800f588      0x130 ../../libdaisy/build/libdaisy.a(stm32h7xx_hal_tim.o)
                0x000000000800f588                HAL_TIM_Base_Init
 .text.HAL_TIM_Base_Start
                0x000000000800f6b8       0x38 ../../libdaisy/build/libdaisy.a(stm32h7xx_hal_tim.o)
                0x000000000800f6b8                HAL_TIM_Base_Start
 .text.HAL_TIM_ConfigClockSource
                0x000000000800f6f0      0x17c ../../libdaisy/build/libdaisy.a(stm32h7xx_hal_tim.o)
                0x000000000800f6f0                HAL_TIM_ConfigClockSource
 .text.HAL_TIMEx_MasterConfigSynchronization
                0x000000000800f86c       0x60 ../../libdaisy/build/libdaisy.a(stm32h7xx_hal_tim_ex.o)
                0x000000000800f86c                HAL_TIMEx_MasterConfigSynchronization
 .text._ZN7daisysp8ReverbSc17NextRandomLinesegEPNS_10ReverbScDlEi
                0x000000000800f8cc       0xfc ../../DaisySP/build/libdaisysp.a(reverbsc.o)
                0x000000000800f8cc                daisysp::ReverbSc::NextRandomLineseg(daisysp::ReverbScDl*, int)
 .text._ZN7daisysp8ReverbSc4InitEf
                0x000000000800f9c8      0x178 ../../DaisySP/build/libdaisysp.a(reverbsc.o)
                0x000000000800f9c8                daisysp::ReverbSc::Init(float)
 .text._ZN7daisysp8ReverbSc7ProcessERKfS2_PfS3_
                0x000000000800fb40      0x2ec ../../DaisySP/build/libdaisysp.a(reverbsc.o)
                0x000000000800fb40                daisysp::ReverbSc::Process(float const&, float const&, float*, float*)
 .text._ZN7daisysp6Biquad5ResetEv
                0x000000000800fe2c       0xd4 ../../DaisySP/build/libdaisysp.a(biquad.o)
                0x000000000800fe2c                daisysp::Biquad::Reset()
 .text._ZN7daisysp6Biquad4InitEf
                0x000000000800ff00      0x10c ../../DaisySP/build/libdaisysp.a(biquad.o)
                0x000000000800ff00                daisysp::Biquad::Init(float)
 .text._ZN7daisysp3Svf4InitEf
                0x000000000801000c       0x4c ../../DaisySP/build/libdaisysp.a(svf.o)
                0x000000000801000c                daisysp::Svf::Init(float)
 .text._ZN7daisysp3Svf7ProcessEf
                0x0000000008010058       0xc0 ../../DaisySP/build/libdaisysp.a(svf.o)
                0x0000000008010058                daisysp::Svf::Process(float)
 .text._ZN7daisysp3Svf7SetFreqEf
                0x0000000008010118       0xc8 ../../DaisySP/build/libdaisysp.a(svf.o)
                0x0000000008010118                daisysp::Svf::SetFreq(float)
 .text._ZN7daisysp3Svf6SetResEf
                0x00000000080101e0       0x8c ../../DaisySP/build/libdaisysp.a(svf.o)
                0x00000000080101e0                daisysp::Svf::SetRes(float)
 .text._ZN7daisysp4Tone4InitEf
                0x000000000801026c       0x1c ../../DaisySP/build/libdaisysp.a(tone.o)
                0x000000000801026c                daisysp::Tone::Init(float)
 .text._ZN7daisysp4Tone7ProcessERf
                0x0000000008010288       0x20 ../../DaisySP/build/libdaisysp.a(tone.o)
                0x0000000008010288                daisysp::Tone::Process(float&)
 .text._ZN7daisysp4Tone21CalculateCoefficientsEv
                0x00000000080102a8       0x68 ../../DaisySP/build/libdaisysp.a(tone.o)
                0x00000000080102a8                daisysp::Tone::CalculateCoefficients()
 .text._ZN7daisysp11StringVoice4InitEf
                0x0000000008010310      0x12c ../../DaisySP/build/libdaisysp.a(stringvoice.o)
                0x0000000008010310                daisysp::StringVoice::Init(float)
 .text._ZN7daisysp11StringVoice4TrigEv
                0x000000000801043c        0x8 ../../DaisySP/build/libdaisysp.a(stringvoice.o)
                0x000000000801043c                daisysp::StringVoice::Trig()
 .text._ZN7daisysp11StringVoice7SetFreqEf
                0x0000000008010444       0x38 ../../DaisySP/build/libdaisysp.a(stringvoice.o)
                0x0000000008010444                daisysp::StringVoice::SetFreq(float)
 .text._ZN7daisysp11StringVoice9SetAccentEf
                0x000000000801047c       0x1c ../../DaisySP/build/libdaisysp.a(stringvoice.o)
                0x000000000801047c                daisysp::StringVoice::SetAccent(float)
 .text._ZN7daisysp11StringVoice12SetStructureEf
                0x0000000008010498       0x70 ../../DaisySP/build/libdaisysp.a(stringvoice.o)
                0x0000000008010498                daisysp::StringVoice::SetStructure(float)
 .text._ZN7daisysp11StringVoice13SetBrightnessEf
                0x0000000008010508       0x24 ../../DaisySP/build/libdaisysp.a(stringvoice.o)
                0x0000000008010508                daisysp::StringVoice::SetBrightness(float)
 .text._ZN7daisysp11StringVoice10SetDampingEf
                0x000000000801052c       0x1c ../../DaisySP/build/libdaisysp.a(stringvoice.o)
                0x000000000801052c                daisysp::StringVoice::SetDamping(float)
 .text._ZN7daisysp11StringVoice7ProcessEb
                0x0000000008010548      0x1fc ../../DaisySP/build/libdaisysp.a(stringvoice.o)
                0x0000000008010548                daisysp::StringVoice::Process(bool)
 .text._ZN7daisysp10Oscillator7ProcessEv
                0x0000000008010744      0x3c4 ../../DaisySP/build/libdaisysp.a(oscillator.o)
                0x0000000008010744                daisysp::Oscillator::Process()
 .text._ZN7daisysp10Oscillator12CalcPhaseIncEf
                0x0000000008010b08       0x18 ../../DaisySP/build/libdaisysp.a(oscillator.o)
                0x0000000008010b08                daisysp::Oscillator::CalcPhaseInc(float)
 .text._ZN7daisysp7DcBlock4InitEf
                0x0000000008010b20       0x10 ../../DaisySP/build/libdaisysp.a(dcblock.o)
                0x0000000008010b20                daisysp::DcBlock::Init(float)
 .text._ZN7daisysp7DcBlock7ProcessEf
                0x0000000008010b30       0x24 ../../DaisySP/build/libdaisysp.a(dcblock.o)
                0x0000000008010b30                daisysp::DcBlock::Process(float)
 .text._ZN7daisysp6String4InitEf
                0x0000000008010b54      0x144 ../../DaisySP/build/libdaisysp.a(KarplusString.o)
                0x0000000008010b54                daisysp::String::Init(float)
 .text._ZN7daisysp6String7SetFreqEf
                0x0000000008010c98       0x30 ../../DaisySP/build/libdaisysp.a(KarplusString.o)
                0x0000000008010c98                daisysp::String::SetFreq(float)
 .text._ZN7daisysp6String15SetNonLinearityEf
                0x0000000008010cc8       0x20 ../../DaisySP/build/libdaisysp.a(KarplusString.o)
                0x0000000008010cc8                daisysp::String::SetNonLinearity(float)
 .text._ZN7daisysp6String13SetBrightnessEf
                0x0000000008010ce8       0x20 ../../DaisySP/build/libdaisysp.a(KarplusString.o)
                0x0000000008010ce8                daisysp::String::SetBrightness(float)
 .text._ZN7daisysp6String10SetDampingEf
                0x0000000008010d08       0x20 ../../DaisySP/build/libdaisysp.a(KarplusString.o)
                0x0000000008010d08                daisysp::String::SetDamping(float)
 .text._ZN7daisysp6String15ProcessInternalILNS0_18StringNonLinearityE0EEEff
                0x0000000008010d28      0x2d0 ../../DaisySP/build/libdaisysp.a(KarplusString.o)
                0x0000000008010d28                float daisysp::String::ProcessInternal<(daisysp::String::StringNonLinearity)0>(float)
 .text._ZN7daisysp6String15ProcessInternalILNS0_18StringNonLinearityE1EEEff
                0x0000000008010ff8      0x420 ../../DaisySP/build/libdaisysp.a(KarplusString.o)
                0x0000000008010ff8                float daisysp::String::ProcessInternal<(daisysp::String::StringNonLinearity)1>(float)
 .text._ZN7daisysp6String7ProcessEf
                0x0000000008011418       0x38 ../../DaisySP/build/libdaisysp.a(KarplusString.o)
                0x0000000008011418                daisysp::String::Process(float)
 .text._ZN7daisysp9CrossFade7ProcessERfS1_
                0x0000000008011450       0xd0 ../../DaisySP/build/libdaisysp.a(crossfade.o)
                0x0000000008011450                daisysp::CrossFade::Process(float&, float&)
 .text.__aeabi_atexit
                0x0000000008011520        0xa /usr/local/Cellar/gcc-arm-none-eabi/20200630/bin/../lib/gcc/arm-none-eabi/9.3.1/../../../../arm-none-eabi/lib/thumb/v7e-m+dp/hard/libstdc++_nano.a(atexit_arm.o)
                0x0000000008011520                __aeabi_atexit
 .text._ZNSt11char_traitsIcE4copyEPcPKcj
                0x000000000801152a        0x8 /usr/local/Cellar/gcc-arm-none-eabi/20200630/bin/../lib/gcc/arm-none-eabi/9.3.1/../../../../arm-none-eabi/lib/thumb/v7e-m+dp/hard/libstdc++_nano.a(string-inst.o)
                0x000000000801152a                std::char_traits<char>::copy(char*, char const*, unsigned int)
 *fill*         0x0000000008011532        0x2 
 .text._ZNSt7__cxx1112basic_stringIcSt11char_traitsIcESaIcEE9_M_createERjj
                0x0000000008011534       0x44 /usr/local/Cellar/gcc-arm-none-eabi/20200630/bin/../lib/gcc/arm-none-eabi/9.3.1/../../../../arm-none-eabi/lib/thumb/v7e-m+dp/hard/libstdc++_nano.a(string-inst.o)
                0x0000000008011534                std::__cxx11::basic_string<char, std::char_traits<char>, std::allocator<char> >::_M_create(unsigned int&, unsigned int)
 .text._ZNSt7__cxx1112basic_stringIcSt11char_traitsIcESaIcEE10_M_disposeEv
                0x0000000008011578       0x10 /usr/local/Cellar/gcc-arm-none-eabi/20200630/bin/../lib/gcc/arm-none-eabi/9.3.1/../../../../arm-none-eabi/lib/thumb/v7e-m+dp/hard/libstdc++_nano.a(string-inst.o)
                0x0000000008011578                std::__cxx11::basic_string<char, std::char_traits<char>, std::allocator<char> >::_M_dispose()
 .text._ZNKSt7__cxx1112basic_stringIcSt11char_traitsIcESaIcEE15_M_check_lengthEjjPKc
                0x0000000008011588       0x18 /usr/local/Cellar/gcc-arm-none-eabi/20200630/bin/../lib/gcc/arm-none-eabi/9.3.1/../../../../arm-none-eabi/lib/thumb/v7e-m+dp/hard/libstdc++_nano.a(string-inst.o)
                0x0000000008011588                std::__cxx11::basic_string<char, std::char_traits<char>, std::allocator<char> >::_M_check_length(unsigned int, unsigned int, char const*) const
 .text._ZNKSt7__cxx1112basic_stringIcSt11char_traitsIcESaIcEE11_M_disjunctEPKc
                0x00000000080115a0       0x18 /usr/local/Cellar/gcc-arm-none-eabi/20200630/bin/../lib/gcc/arm-none-eabi/9.3.1/../../../../arm-none-eabi/lib/thumb/v7e-m+dp/hard/libstdc++_nano.a(string-inst.o)
                0x00000000080115a0                std::__cxx11::basic_string<char, std::char_traits<char>, std::allocator<char> >::_M_disjunct(char const*) const
 .text._ZNSt7__cxx1112basic_stringIcSt11char_traitsIcESaIcEE7_S_copyEPcPKcj
                0x00000000080115b8       0x12 /usr/local/Cellar/gcc-arm-none-eabi/20200630/bin/../lib/gcc/arm-none-eabi/9.3.1/../../../../arm-none-eabi/lib/thumb/v7e-m+dp/hard/libstdc++_nano.a(string-inst.o)
                0x00000000080115b8                std::__cxx11::basic_string<char, std::char_traits<char>, std::allocator<char> >::_S_copy(char*, char const*, unsigned int)
 .text._ZNSt7__cxx1112basic_stringIcSt11char_traitsIcESaIcEE7_S_moveEPcPKcj
                0x00000000080115ca       0x18 /usr/local/Cellar/gcc-arm-none-eabi/20200630/bin/../lib/gcc/arm-none-eabi/9.3.1/../../../../arm-none-eabi/lib/thumb/v7e-m+dp/hard/libstdc++_nano.a(string-inst.o)
                0x00000000080115ca                std::__cxx11::basic_string<char, std::char_traits<char>, std::allocator<char> >::_S_move(char*, char const*, unsigned int)
 .text._ZNSt7__cxx1112basic_stringIcSt11char_traitsIcESaIcEE9_M_mutateEjjPKcj
                0x00000000080115e2       0x78 /usr/local/Cellar/gcc-arm-none-eabi/20200630/bin/../lib/gcc/arm-none-eabi/9.3.1/../../../../arm-none-eabi/lib/thumb/v7e-m+dp/hard/libstdc++_nano.a(string-inst.o)
                0x00000000080115e2                std::__cxx11::basic_string<char, std::char_traits<char>, std::allocator<char> >::_M_mutate(unsigned int, unsigned int, char const*, unsigned int)
 .text._ZNSt7__cxx1112basic_stringIcSt11char_traitsIcESaIcEED2Ev
                0x000000000801165a        0xc /usr/local/Cellar/gcc-arm-none-eabi/20200630/bin/../lib/gcc/arm-none-eabi/9.3.1/../../../../arm-none-eabi/lib/thumb/v7e-m+dp/hard/libstdc++_nano.a(string-inst.o)
                0x000000000801165a                std::__cxx11::basic_string<char, std::char_traits<char>, std::allocator<char> >::~basic_string()
                0x000000000801165a                std::__cxx11::basic_string<char, std::char_traits<char>, std::allocator<char> >::~basic_string()
 *fill*         0x0000000008011666        0x2 
 .text._ZNSt7__cxx1112basic_stringIcSt11char_traitsIcESaIcEE10_M_replaceEjjPKcj
                0x0000000008011668       0xfc /usr/local/Cellar/gcc-arm-none-eabi/20200630/bin/../lib/gcc/arm-none-eabi/9.3.1/../../../../arm-none-eabi/lib/thumb/v7e-m+dp/hard/libstdc++_nano.a(string-inst.o)
                0x0000000008011668                std::__cxx11::basic_string<char, std::char_traits<char>, std::allocator<char> >::_M_replace(unsigned int, unsigned int, char const*, unsigned int)
 .text._ZdlPv   0x0000000008011764        0x4 /usr/local/Cellar/gcc-arm-none-eabi/20200630/bin/../lib/gcc/arm-none-eabi/9.3.1/../../../../arm-none-eabi/lib/thumb/v7e-m+dp/hard/libstdc++_nano.a(del_op.o)
                0x0000000008011764                operator delete(void*)
 .text._Znwj    0x0000000008011768       0x22 /usr/local/Cellar/gcc-arm-none-eabi/20200630/bin/../lib/gcc/arm-none-eabi/9.3.1/../../../../arm-none-eabi/lib/thumb/v7e-m+dp/hard/libstdc++_nano.a(new_op.o)
                0x0000000008011768                operator new(unsigned int)
 .text.unlikely._ZSt17__throw_bad_allocv
                0x000000000801178a        0x6 /usr/local/Cellar/gcc-arm-none-eabi/20200630/bin/../lib/gcc/arm-none-eabi/9.3.1/../../../../arm-none-eabi/lib/thumb/v7e-m+dp/hard/libstdc++_nano.a(functexcept.o)
                0x000000000801178a                std::__throw_bad_alloc()
 .text.unlikely._ZSt20__throw_length_errorPKc
                0x0000000008011790        0x6 /usr/local/Cellar/gcc-arm-none-eabi/20200630/bin/../lib/gcc/arm-none-eabi/9.3.1/../../../../arm-none-eabi/lib/thumb/v7e-m+dp/hard/libstdc++_nano.a(functexcept.o)
                0x0000000008011790                std::__throw_length_error(char const*)
 *fill*         0x0000000008011796        0x2 
 .text._ZSt15get_new_handlerv
                0x0000000008011798       0x10 /usr/local/Cellar/gcc-arm-none-eabi/20200630/bin/../lib/gcc/arm-none-eabi/9.3.1/../../../../arm-none-eabi/lib/thumb/v7e-m+dp/hard/libstdc++_nano.a(new_handler.o)
                0x0000000008011798                std::get_new_handler()
 .text.cosf     0x00000000080117a8      0x1fc /usr/local/Cellar/gcc-arm-none-eabi/20200630/bin/../lib/gcc/arm-none-eabi/9.3.1/../../../../arm-none-eabi/lib/thumb/v7e-m+dp/hard/libm.a(lib_a-cosf.o)
                0x00000000080117a8                cosf
 .text.with_errnof
                0x00000000080119a4       0x18 /usr/local/Cellar/gcc-arm-none-eabi/20200630/bin/../lib/gcc/arm-none-eabi/9.3.1/../../../../arm-none-eabi/lib/thumb/v7e-m+dp/hard/libm.a(lib_a-math_errf.o)
 .text.xflowf   0x00000000080119bc       0x20 /usr/local/Cellar/gcc-arm-none-eabi/20200630/bin/../lib/gcc/arm-none-eabi/9.3.1/../../../../arm-none-eabi/lib/thumb/v7e-m+dp/hard/libm.a(lib_a-math_errf.o)
 .text.__math_uflowf
                0x00000000080119dc        0xc /usr/local/Cellar/gcc-arm-none-eabi/20200630/bin/../lib/gcc/arm-none-eabi/9.3.1/../../../../arm-none-eabi/lib/thumb/v7e-m+dp/hard/libm.a(lib_a-math_errf.o)
                0x00000000080119dc                __math_uflowf
 .text.__math_may_uflowf
                0x00000000080119e8        0xc /usr/local/Cellar/gcc-arm-none-eabi/20200630/bin/../lib/gcc/arm-none-eabi/9.3.1/../../../../arm-none-eabi/lib/thumb/v7e-m+dp/hard/libm.a(lib_a-math_errf.o)
                0x00000000080119e8                __math_may_uflowf
 .text.__math_oflowf
                0x00000000080119f4        0xc /usr/local/Cellar/gcc-arm-none-eabi/20200630/bin/../lib/gcc/arm-none-eabi/9.3.1/../../../../arm-none-eabi/lib/thumb/v7e-m+dp/hard/libm.a(lib_a-math_errf.o)
                0x00000000080119f4                __math_oflowf
 .text.__math_divzerof
                0x0000000008011a00       0x24 /usr/local/Cellar/gcc-arm-none-eabi/20200630/bin/../lib/gcc/arm-none-eabi/9.3.1/../../../../arm-none-eabi/lib/thumb/v7e-m+dp/hard/libm.a(lib_a-math_errf.o)
                0x0000000008011a00                __math_divzerof
 .text.__math_invalidf
                0x0000000008011a24       0x20 /usr/local/Cellar/gcc-arm-none-eabi/20200630/bin/../lib/gcc/arm-none-eabi/9.3.1/../../../../arm-none-eabi/lib/thumb/v7e-m+dp/hard/libm.a(lib_a-math_errf.o)
                0x0000000008011a24                __math_invalidf
 .text.atanf    0x0000000008011a44      0x1ac /usr/local/Cellar/gcc-arm-none-eabi/20200630/bin/../lib/gcc/arm-none-eabi/9.3.1/../../../../arm-none-eabi/lib/thumb/v7e-m+dp/hard/libm.a(lib_a-sf_atan.o)
                0x0000000008011a44                atanf
 .text.expf     0x0000000008011bf0       0xe4 /usr/local/Cellar/gcc-arm-none-eabi/20200630/bin/../lib/gcc/arm-none-eabi/9.3.1/../../../../arm-none-eabi/lib/thumb/v7e-m+dp/hard/libm.a(lib_a-sf_exp.o)
                0x0000000008011bf0                expf
 .text.fabsf    0x0000000008011cd4       0x10 /usr/local/Cellar/gcc-arm-none-eabi/20200630/bin/../lib/gcc/arm-none-eabi/9.3.1/../../../../arm-none-eabi/lib/thumb/v7e-m+dp/hard/libm.a(lib_a-sf_fabs.o)
                0x0000000008011cd4                fabsf
 .text.logf     0x0000000008011ce4       0xd0 /usr/local/Cellar/gcc-arm-none-eabi/20200630/bin/../lib/gcc/arm-none-eabi/9.3.1/../../../../arm-none-eabi/lib/thumb/v7e-m+dp/hard/libm.a(lib_a-sf_log.o)
                0x0000000008011ce4                logf
 .text.log2f    0x0000000008011db4       0xd8 /usr/local/Cellar/gcc-arm-none-eabi/20200630/bin/../lib/gcc/arm-none-eabi/9.3.1/../../../../arm-none-eabi/lib/thumb/v7e-m+dp/hard/libm.a(lib_a-sf_log2.o)
                0x0000000008011db4                log2f
 *fill*         0x0000000008011e8c        0x4 
 .text.powf     0x0000000008011e90      0x348 /usr/local/Cellar/gcc-arm-none-eabi/20200630/bin/../lib/gcc/arm-none-eabi/9.3.1/../../../../arm-none-eabi/lib/thumb/v7e-m+dp/hard/libm.a(lib_a-sf_pow.o)
                0x0000000008011e90                powf
 .text.sinf     0x00000000080121d8      0x214 /usr/local/Cellar/gcc-arm-none-eabi/20200630/bin/../lib/gcc/arm-none-eabi/9.3.1/../../../../arm-none-eabi/lib/thumb/v7e-m+dp/hard/libm.a(lib_a-sinf.o)
                0x00000000080121d8                sinf
 .text.fmodf    0x00000000080123ec       0x60 /usr/local/Cellar/gcc-arm-none-eabi/20200630/bin/../lib/gcc/arm-none-eabi/9.3.1/../../../../arm-none-eabi/lib/thumb/v7e-m+dp/hard/libm.a(lib_a-wf_fmod.o)
                0x00000000080123ec                fmodf
 .text.log10f   0x000000000801244c       0x6c /usr/local/Cellar/gcc-arm-none-eabi/20200630/bin/../lib/gcc/arm-none-eabi/9.3.1/../../../../arm-none-eabi/lib/thumb/v7e-m+dp/hard/libm.a(lib_a-wf_log10.o)
                0x000000000801244c                log10f
 .text.sqrtf    0x00000000080124b8       0x50 /usr/local/Cellar/gcc-arm-none-eabi/20200630/bin/../lib/gcc/arm-none-eabi/9.3.1/../../../../arm-none-eabi/lib/thumb/v7e-m+dp/hard/libm.a(lib_a-wf_sqrt.o)
                0x00000000080124b8                sqrtf
 .text.__ieee754_fmodf
                0x0000000008012508      0x120 /usr/local/Cellar/gcc-arm-none-eabi/20200630/bin/../lib/gcc/arm-none-eabi/9.3.1/../../../../arm-none-eabi/lib/thumb/v7e-m+dp/hard/libm.a(lib_a-ef_fmod.o)
                0x0000000008012508                __ieee754_fmodf
 .text.__ieee754_log10f
                0x0000000008012628       0xc0 /usr/local/Cellar/gcc-arm-none-eabi/20200630/bin/../lib/gcc/arm-none-eabi/9.3.1/../../../../arm-none-eabi/lib/thumb/v7e-m+dp/hard/libm.a(lib_a-ef_log10.o)
                0x0000000008012628                __ieee754_log10f
 .text.__ieee754_sqrtf
                0x00000000080126e8        0x8 /usr/local/Cellar/gcc-arm-none-eabi/20200630/bin/../lib/gcc/arm-none-eabi/9.3.1/../../../../arm-none-eabi/lib/thumb/v7e-m+dp/hard/libm.a(lib_a-ef_sqrt.o)
                0x00000000080126e8                __ieee754_sqrtf
 .text.nanf     0x00000000080126f0        0xc /usr/local/Cellar/gcc-arm-none-eabi/20200630/bin/../lib/gcc/arm-none-eabi/9.3.1/../../../../arm-none-eabi/lib/thumb/v7e-m+dp/hard/libm.a(lib_a-sf_nan.o)
                0x00000000080126f0                nanf
 .text.abort    0x00000000080126fc        0xe /usr/local/Cellar/gcc-arm-none-eabi/20200630/bin/../lib/gcc/arm-none-eabi/9.3.1/../../../../arm-none-eabi/lib/thumb/v7e-m+dp/hard/libc_nano.a(lib_a-abort.o)
                0x00000000080126fc                abort
 *fill*         0x000000000801270a        0x2 
 .text.__cxa_atexit
                0x000000000801270c       0x1c /usr/local/Cellar/gcc-arm-none-eabi/20200630/bin/../lib/gcc/arm-none-eabi/9.3.1/../../../../arm-none-eabi/lib/thumb/v7e-m+dp/hard/libc_nano.a(lib_a-cxa_atexit.o)
                0x000000000801270c                __cxa_atexit
 .text.__errno  0x0000000008012728        0xc /usr/local/Cellar/gcc-arm-none-eabi/20200630/bin/../lib/gcc/arm-none-eabi/9.3.1/../../../../arm-none-eabi/lib/thumb/v7e-m+dp/hard/libc_nano.a(lib_a-errno.o)
                0x0000000008012728                __errno
 .text.__libc_init_array
                0x0000000008012734       0x48 /usr/local/Cellar/gcc-arm-none-eabi/20200630/bin/../lib/gcc/arm-none-eabi/9.3.1/../../../../arm-none-eabi/lib/thumb/v7e-m+dp/hard/libc_nano.a(lib_a-init.o)
                0x0000000008012734                __libc_init_array
 .text.malloc   0x000000000801277c       0x10 /usr/local/Cellar/gcc-arm-none-eabi/20200630/bin/../lib/gcc/arm-none-eabi/9.3.1/../../../../arm-none-eabi/lib/thumb/v7e-m+dp/hard/libc_nano.a(lib_a-malloc.o)
                0x000000000801277c                malloc
 .text.free     0x000000000801278c       0x10 /usr/local/Cellar/gcc-arm-none-eabi/20200630/bin/../lib/gcc/arm-none-eabi/9.3.1/../../../../arm-none-eabi/lib/thumb/v7e-m+dp/hard/libc_nano.a(lib_a-malloc.o)
                0x000000000801278c                free
 .text.memcpy   0x000000000801279c       0x1c /usr/local/Cellar/gcc-arm-none-eabi/20200630/bin/../lib/gcc/arm-none-eabi/9.3.1/../../../../arm-none-eabi/lib/thumb/v7e-m+dp/hard/libc_nano.a(lib_a-memcpy-stub.o)
                0x000000000801279c                memcpy
 .text.memmove  0x00000000080127b8       0x34 /usr/local/Cellar/gcc-arm-none-eabi/20200630/bin/../lib/gcc/arm-none-eabi/9.3.1/../../../../arm-none-eabi/lib/thumb/v7e-m+dp/hard/libc_nano.a(lib_a-memmove.o)
                0x00000000080127b8                memmove
 .text.memset   0x00000000080127ec       0x10 /usr/local/Cellar/gcc-arm-none-eabi/20200630/bin/../lib/gcc/arm-none-eabi/9.3.1/../../../../arm-none-eabi/lib/thumb/v7e-m+dp/hard/libc_nano.a(lib_a-memset.o)
                0x00000000080127ec                memset
 .text._free_r  0x00000000080127fc       0xa0 /usr/local/Cellar/gcc-arm-none-eabi/20200630/bin/../lib/gcc/arm-none-eabi/9.3.1/../../../../arm-none-eabi/lib/thumb/v7e-m+dp/hard/libc_nano.a(lib_a-nano-freer.o)
                0x00000000080127fc                _free_r
 .text._malloc_r
                0x000000000801289c       0xb4 /usr/local/Cellar/gcc-arm-none-eabi/20200630/bin/../lib/gcc/arm-none-eabi/9.3.1/../../../../arm-none-eabi/lib/thumb/v7e-m+dp/hard/libc_nano.a(lib_a-nano-mallocr.o)
                0x000000000801289c                _malloc_r
 .text.rand     0x0000000008012950       0x80 /usr/local/Cellar/gcc-arm-none-eabi/20200630/bin/../lib/gcc/arm-none-eabi/9.3.1/../../../../arm-none-eabi/lib/thumb/v7e-m+dp/hard/libc_nano.a(lib_a-rand.o)
                0x0000000008012950                rand
 .text._sbrk_r  0x00000000080129d0       0x20 /usr/local/Cellar/gcc-arm-none-eabi/20200630/bin/../lib/gcc/arm-none-eabi/9.3.1/../../../../arm-none-eabi/lib/thumb/v7e-m+dp/hard/libc_nano.a(lib_a-sbrkr.o)
                0x00000000080129d0                _sbrk_r
 .text._raise_r
                0x00000000080129f0       0x50 /usr/local/Cellar/gcc-arm-none-eabi/20200630/bin/../lib/gcc/arm-none-eabi/9.3.1/../../../../arm-none-eabi/lib/thumb/v7e-m+dp/hard/libc_nano.a(lib_a-signal.o)
                0x00000000080129f0                _raise_r
 .text.raise    0x0000000008012a40       0x10 /usr/local/Cellar/gcc-arm-none-eabi/20200630/bin/../lib/gcc/arm-none-eabi/9.3.1/../../../../arm-none-eabi/lib/thumb/v7e-m+dp/hard/libc_nano.a(lib_a-signal.o)
                0x0000000008012a40                raise
 .text._kill_r  0x0000000008012a50       0x24 /usr/local/Cellar/gcc-arm-none-eabi/20200630/bin/../lib/gcc/arm-none-eabi/9.3.1/../../../../arm-none-eabi/lib/thumb/v7e-m+dp/hard/libc_nano.a(lib_a-signalr.o)
                0x0000000008012a50                _kill_r
 .text._getpid_r
                0x0000000008012a74        0x4 /usr/local/Cellar/gcc-arm-none-eabi/20200630/bin/../lib/gcc/arm-none-eabi/9.3.1/../../../../arm-none-eabi/lib/thumb/v7e-m+dp/hard/libc_nano.a(lib_a-signalr.o)
                0x0000000008012a74                _getpid_r
 .text.__assert_func
                0x0000000008012a78       0x3c /usr/local/Cellar/gcc-arm-none-eabi/20200630/bin/../lib/gcc/arm-none-eabi/9.3.1/../../../../arm-none-eabi/lib/thumb/v7e-m+dp/hard/libc_nano.a(lib_a-assert.o)
                0x0000000008012a78                __assert_func
 .text.fprintf  0x0000000008012ab4       0x24 /usr/local/Cellar/gcc-arm-none-eabi/20200630/bin/../lib/gcc/arm-none-eabi/9.3.1/../../../../arm-none-eabi/lib/thumb/v7e-m+dp/hard/libc_nano.a(lib_a-fprintf.o)
                0x0000000008012ab4                fprintf
                0x0000000008012ab4                fiprintf
 .text.__malloc_lock
                0x0000000008012ad8        0xc /usr/local/Cellar/gcc-arm-none-eabi/20200630/bin/../lib/gcc/arm-none-eabi/9.3.1/../../../../arm-none-eabi/lib/thumb/v7e-m+dp/hard/libc_nano.a(lib_a-mlock.o)
                0x0000000008012ad8                __malloc_lock
 .text.__malloc_unlock
                0x0000000008012ae4        0xc /usr/local/Cellar/gcc-arm-none-eabi/20200630/bin/../lib/gcc/arm-none-eabi/9.3.1/../../../../arm-none-eabi/lib/thumb/v7e-m+dp/hard/libc_nano.a(lib_a-mlock.o)
                0x0000000008012ae4                __malloc_unlock
 .text.__sfputc_r
                0x0000000008012af0       0x2e /usr/local/Cellar/gcc-arm-none-eabi/20200630/bin/../lib/gcc/arm-none-eabi/9.3.1/../../../../arm-none-eabi/lib/thumb/v7e-m+dp/hard/libc_nano.a(lib_a-nano-vfprintf.o)
 .text.__sfputs_r
                0x0000000008012b1e       0x24 /usr/local/Cellar/gcc-arm-none-eabi/20200630/bin/../lib/gcc/arm-none-eabi/9.3.1/../../../../arm-none-eabi/lib/thumb/v7e-m+dp/hard/libc_nano.a(lib_a-nano-vfprintf.o)
                0x0000000008012b1e                __sfputs_r
 *fill*         0x0000000008012b42        0x2 
 .text._vfprintf_r
                0x0000000008012b44      0x260 /usr/local/Cellar/gcc-arm-none-eabi/20200630/bin/../lib/gcc/arm-none-eabi/9.3.1/../../../../arm-none-eabi/lib/thumb/v7e-m+dp/hard/libc_nano.a(lib_a-nano-vfprintf.o)
                0x0000000008012b44                _vfiprintf_r
                0x0000000008012b44                _vfprintf_r
 .text._printf_common
                0x0000000008012da4       0xda /usr/local/Cellar/gcc-arm-none-eabi/20200630/bin/../lib/gcc/arm-none-eabi/9.3.1/../../../../arm-none-eabi/lib/thumb/v7e-m+dp/hard/libc_nano.a(lib_a-nano-vfprintf_i.o)
                0x0000000008012da4                _printf_common
 *fill*         0x0000000008012e7e        0x2 
 .text._printf_i
                0x0000000008012e80      0x24c /usr/local/Cellar/gcc-arm-none-eabi/20200630/bin/../lib/gcc/arm-none-eabi/9.3.1/../../../../arm-none-eabi/lib/thumb/v7e-m+dp/hard/libc_nano.a(lib_a-nano-vfprintf_i.o)
                0x0000000008012e80                _printf_i
 .text.__swbuf_r
                0x00000000080130cc       0xa4 /usr/local/Cellar/gcc-arm-none-eabi/20200630/bin/../lib/gcc/arm-none-eabi/9.3.1/../../../../arm-none-eabi/lib/thumb/v7e-m+dp/hard/libc_nano.a(lib_a-wbuf.o)
                0x00000000080130cc                __swbuf_r
 .text.__swsetup_r
                0x0000000008013170       0xdc /usr/local/Cellar/gcc-arm-none-eabi/20200630/bin/../lib/gcc/arm-none-eabi/9.3.1/../../../../arm-none-eabi/lib/thumb/v7e-m+dp/hard/libc_nano.a(lib_a-wsetup.o)
                0x0000000008013170                __swsetup_r
 .text.__sflush_r
                0x000000000801324c      0x10c /usr/local/Cellar/gcc-arm-none-eabi/20200630/bin/../lib/gcc/arm-none-eabi/9.3.1/../../../../arm-none-eabi/lib/thumb/v7e-m+dp/hard/libc_nano.a(lib_a-fflush.o)
                0x000000000801324c                __sflush_r
 .text._fflush_r
                0x0000000008013358       0x78 /usr/local/Cellar/gcc-arm-none-eabi/20200630/bin/../lib/gcc/arm-none-eabi/9.3.1/../../../../arm-none-eabi/lib/thumb/v7e-m+dp/hard/libc_nano.a(lib_a-fflush.o)
                0x0000000008013358                _fflush_r
 .text.std      0x00000000080133d0       0x48 /usr/local/Cellar/gcc-arm-none-eabi/20200630/bin/../lib/gcc/arm-none-eabi/9.3.1/../../../../arm-none-eabi/lib/thumb/v7e-m+dp/hard/libc_nano.a(lib_a-findfp.o)
 .text._cleanup_r
                0x0000000008013418        0xc /usr/local/Cellar/gcc-arm-none-eabi/20200630/bin/../lib/gcc/arm-none-eabi/9.3.1/../../../../arm-none-eabi/lib/thumb/v7e-m+dp/hard/libc_nano.a(lib_a-findfp.o)
                0x0000000008013418                _cleanup_r
 .text.__sfmoreglue
                0x0000000008013424       0x2c /usr/local/Cellar/gcc-arm-none-eabi/20200630/bin/../lib/gcc/arm-none-eabi/9.3.1/../../../../arm-none-eabi/lib/thumb/v7e-m+dp/hard/libc_nano.a(lib_a-findfp.o)
                0x0000000008013424                __sfmoreglue
 .text.__sfp_lock_acquire
                0x0000000008013450        0xc /usr/local/Cellar/gcc-arm-none-eabi/20200630/bin/../lib/gcc/arm-none-eabi/9.3.1/../../../../arm-none-eabi/lib/thumb/v7e-m+dp/hard/libc_nano.a(lib_a-findfp.o)
                0x0000000008013450                __sfp_lock_acquire
 .text.__sfp_lock_release
                0x000000000801345c        0xc /usr/local/Cellar/gcc-arm-none-eabi/20200630/bin/../lib/gcc/arm-none-eabi/9.3.1/../../../../arm-none-eabi/lib/thumb/v7e-m+dp/hard/libc_nano.a(lib_a-findfp.o)
                0x000000000801345c                __sfp_lock_release
 .text.__sinit_lock_acquire
                0x0000000008013468        0xc /usr/local/Cellar/gcc-arm-none-eabi/20200630/bin/../lib/gcc/arm-none-eabi/9.3.1/../../../../arm-none-eabi/lib/thumb/v7e-m+dp/hard/libc_nano.a(lib_a-findfp.o)
                0x0000000008013468                __sinit_lock_acquire
 .text.__sinit_lock_release
                0x0000000008013474        0xc /usr/local/Cellar/gcc-arm-none-eabi/20200630/bin/../lib/gcc/arm-none-eabi/9.3.1/../../../../arm-none-eabi/lib/thumb/v7e-m+dp/hard/libc_nano.a(lib_a-findfp.o)
                0x0000000008013474                __sinit_lock_release
 .text.__sinit  0x0000000008013480       0x70 /usr/local/Cellar/gcc-arm-none-eabi/20200630/bin/../lib/gcc/arm-none-eabi/9.3.1/../../../../arm-none-eabi/lib/thumb/v7e-m+dp/hard/libc_nano.a(lib_a-findfp.o)
                0x0000000008013480                __sinit
 .text.__sfp    0x00000000080134f0       0x8c /usr/local/Cellar/gcc-arm-none-eabi/20200630/bin/../lib/gcc/arm-none-eabi/9.3.1/../../../../arm-none-eabi/lib/thumb/v7e-m+dp/hard/libc_nano.a(lib_a-findfp.o)
                0x00000000080134f0                __sfp
 .text._fwalk_reent
                0x000000000801357c       0x3e /usr/local/Cellar/gcc-arm-none-eabi/20200630/bin/../lib/gcc/arm-none-eabi/9.3.1/../../../../arm-none-eabi/lib/thumb/v7e-m+dp/hard/libc_nano.a(lib_a-fwalk.o)
                0x000000000801357c                _fwalk_reent
 .text.__retarget_lock_init_recursive
                0x00000000080135ba        0x2 /usr/local/Cellar/gcc-arm-none-eabi/20200630/bin/../lib/gcc/arm-none-eabi/9.3.1/../../../../arm-none-eabi/lib/thumb/v7e-m+dp/hard/libc_nano.a(lib_a-lock.o)
                0x00000000080135ba                __retarget_lock_init_recursive
 .text.__retarget_lock_acquire_recursive
                0x00000000080135bc        0x2 /usr/local/Cellar/gcc-arm-none-eabi/20200630/bin/../lib/gcc/arm-none-eabi/9.3.1/../../../../arm-none-eabi/lib/thumb/v7e-m+dp/hard/libc_nano.a(lib_a-lock.o)
                0x00000000080135bc                __retarget_lock_acquire_recursive
 .text.__retarget_lock_release_recursive
                0x00000000080135be        0x2 /usr/local/Cellar/gcc-arm-none-eabi/20200630/bin/../lib/gcc/arm-none-eabi/9.3.1/../../../../arm-none-eabi/lib/thumb/v7e-m+dp/hard/libc_nano.a(lib_a-lock.o)
                0x00000000080135be                __retarget_lock_release_recursive
 .text.__swhatbuf_r
                0x00000000080135c0       0x48 /usr/local/Cellar/gcc-arm-none-eabi/20200630/bin/../lib/gcc/arm-none-eabi/9.3.1/../../../../arm-none-eabi/lib/thumb/v7e-m+dp/hard/libc_nano.a(lib_a-makebuf.o)
                0x00000000080135c0                __swhatbuf_r
 .text.__smakebuf_r
                0x0000000008013608       0x80 /usr/local/Cellar/gcc-arm-none-eabi/20200630/bin/../lib/gcc/arm-none-eabi/9.3.1/../../../../arm-none-eabi/lib/thumb/v7e-m+dp/hard/libc_nano.a(lib_a-makebuf.o)
                0x0000000008013608                __smakebuf_r
 .text.__sread  0x0000000008013688       0x22 /usr/local/Cellar/gcc-arm-none-eabi/20200630/bin/../lib/gcc/arm-none-eabi/9.3.1/../../../../arm-none-eabi/lib/thumb/v7e-m+dp/hard/libc_nano.a(lib_a-stdio.o)
                0x0000000008013688                __sread
 .text.__swrite
                0x00000000080136aa       0x38 /usr/local/Cellar/gcc-arm-none-eabi/20200630/bin/../lib/gcc/arm-none-eabi/9.3.1/../../../../arm-none-eabi/lib/thumb/v7e-m+dp/hard/libc_nano.a(lib_a-stdio.o)
                0x00000000080136aa                __swrite
 .text.__sseek  0x00000000080136e2       0x24 /usr/local/Cellar/gcc-arm-none-eabi/20200630/bin/../lib/gcc/arm-none-eabi/9.3.1/../../../../arm-none-eabi/lib/thumb/v7e-m+dp/hard/libc_nano.a(lib_a-stdio.o)
                0x00000000080136e2                __sseek
 .text.__sclose
                0x0000000008013706        0x8 /usr/local/Cellar/gcc-arm-none-eabi/20200630/bin/../lib/gcc/arm-none-eabi/9.3.1/../../../../arm-none-eabi/lib/thumb/v7e-m+dp/hard/libc_nano.a(lib_a-stdio.o)
                0x0000000008013706                __sclose
 *fill*         0x000000000801370e        0x2 
 .text._write_r
                0x0000000008013710       0x24 /usr/local/Cellar/gcc-arm-none-eabi/20200630/bin/../lib/gcc/arm-none-eabi/9.3.1/../../../../arm-none-eabi/lib/thumb/v7e-m+dp/hard/libc_nano.a(lib_a-writer.o)
                0x0000000008013710                _write_r
 .text._close_r
                0x0000000008013734       0x20 /usr/local/Cellar/gcc-arm-none-eabi/20200630/bin/../lib/gcc/arm-none-eabi/9.3.1/../../../../arm-none-eabi/lib/thumb/v7e-m+dp/hard/libc_nano.a(lib_a-closer.o)
                0x0000000008013734                _close_r
 .text._fstat_r
                0x0000000008013754       0x24 /usr/local/Cellar/gcc-arm-none-eabi/20200630/bin/../lib/gcc/arm-none-eabi/9.3.1/../../../../arm-none-eabi/lib/thumb/v7e-m+dp/hard/libc_nano.a(lib_a-fstatr.o)
                0x0000000008013754                _fstat_r
 .text._isatty_r
                0x0000000008013778       0x20 /usr/local/Cellar/gcc-arm-none-eabi/20200630/bin/../lib/gcc/arm-none-eabi/9.3.1/../../../../arm-none-eabi/lib/thumb/v7e-m+dp/hard/libc_nano.a(lib_a-isattyr.o)
                0x0000000008013778                _isatty_r
 .text._lseek_r